========================================================================
DENSE MEDRT-SFSEG STAGE-2
========================================================================
target images : 612
labels used   : NO
GT masks used : NO
epochs        : 1
batch         : 4

DHF mode      : bdl
Mask-DHF rel  : 0.744898
stability     : 0.4 0.6
BDL match IoU: 0.5
BDL witnesses: 5
BDL boundary : inner mask band, kernel 3
BDL signal   : weighted O2O/O2M pixel-wise |P_o2o-P_o2m|
BDL target   : hard geometry + disagreement-softened inner boundary
BDL coverage : original Mask-DHF for unmatched novel O2M extras

MARD lambda0  : 0.05
MARD warmup   : 5.0
MARD mode     : mask
FG definition : inside Teacher pseudo segmentation mask
FG erosion    : 1
mask dilation : 1
hard BG ratio : 0.5
reliability wt: OFF
var/cov obj.   : unchanged
[E01] batch=001/153 pseudo=4 loss=9.6991 seg=0.6108 semseg=0.7655 mard=2.0006 lambda=0.000000 box_extra=2 mask_extra=1 BDL=3/12 Dbd/Din=0.04553/0.00088 ratio=52.01 soft_shift=0.01118 FG/HBG/EBG=32/256/1280 fallback=0 rel=0.878/0.795/0.944 wmean=1.000 grad_preclip=136.98
[E01] batch=002/153 pseudo=4 loss=9.0623 seg=0.8616 semseg=0.3357 mard=2.0279 lambda=0.000048 box_extra=0 mask_extra=0 BDL=4/17 Dbd/Din=0.01395/0.00256 ratio=5.46 soft_shift=0.00372 FG/HBG/EBG=32/256/1280 fallback=0 rel=0.909/0.805/0.952 wmean=1.000 grad_preclip=313.84
[E01] batch=003/153 pseudo=3 loss=32.8192 seg=3.3297 semseg=6.3102 mard=2.0597 lambda=0.000068 box_extra=0 mask_extra=0 BDL=3/11 Dbd/Din=0.05744/0.02171 ratio=2.65 soft_shift=0.02102 FG/HBG/EBG=24/192/960 fallback=0 rel=0.822/0.660/0.928 wmean=1.000 grad_preclip=388.82
[E01] batch=004/153 pseudo=4 loss=5.3704 seg=0.4937 semseg=0.2158 mard=2.0214 lambda=0.000139 box_extra=0 mask_extra=0 BDL=4/20 Dbd/Din=0.02321/0.00204 ratio=11.36 soft_shift=0.00581 FG/HBG/EBG=32/256/1280 fallback=0 rel=0.905/0.867/0.937 wmean=1.000 grad_preclip=58.41
[E01] batch=005/153 pseudo=4 loss=14.3877 seg=0.5952 semseg=1.8086 mard=2.0642 lambda=0.000186 box_extra=1 mask_extra=1 BDL=3/15 Dbd/Din=0.04664/0.00085 ratio=54.69 soft_shift=0.01214 FG/HBG/EBG=32/256/1280 fallback=0 rel=0.904/0.778/0.958 wmean=1.000 grad_preclip=100.82
[E01] batch=006/153 pseudo=4 loss=18.8378 seg=2.3403 semseg=0.9531 mard=2.0106 lambda=0.000197 box_extra=1 mask_extra=1 BDL=3/15 Dbd/Din=0.04415/0.00563 ratio=7.84 soft_shift=0.01065 FG/HBG/EBG=32/256/1280 fallback=0 rel=0.867/0.797/0.946 wmean=1.000 grad_preclip=225.90
[E01] batch=007/153 pseudo=4 loss=5.9829 seg=0.6353 semseg=0.2165 mard=2.0134 lambda=0.000299 box_extra=1 mask_extra=1 BDL=3/15 Dbd/Din=0.01568/0.00170 ratio=9.24 soft_shift=0.00514 FG/HBG/EBG=32/256/1280 fallback=0 rel=0.919/0.875/0.957 wmean=1.000 grad_preclip=120.01
[E01] batch=008/153 pseudo=4 loss=6.8285 seg=0.4977 semseg=0.3265 mard=1.9882 lambda=0.000257 box_extra=1 mask_extra=1 BDL=3/15 Dbd/Din=0.01253/0.00286 ratio=4.37 soft_shift=0.00391 FG/HBG/EBG=32/256/1280 fallback=0 rel=0.862/0.738/0.942 wmean=1.000 grad_preclip=162.83
[E01] batch=009/153 pseudo=3 loss=5.3245 seg=0.7352 semseg=0.2822 mard=2.0353 lambda=0.000354 box_extra=0 mask_extra=0 BDL=3/13 Dbd/Din=0.02030/0.00111 ratio=18.33 soft_shift=0.00494 FG/HBG/EBG=24/192/960 fallback=0 rel=0.901/0.793/0.959 wmean=1.000 grad_preclip=79.75
[E01] batch=010/153 pseudo=3 loss=5.5665 seg=0.7023 semseg=0.2585 mard=2.0215 lambda=0.000346 box_extra=0 mask_extra=0 BDL=3/11 Dbd/Din=0.03495/0.00855 ratio=4.09 soft_shift=0.01008 FG/HBG/EBG=24/192/960 fallback=0 rel=0.860/0.710/0.936 wmean=1.000 grad_preclip=42.76

[Epoch 01] DONE time=9.5s valid=10 skipped=0 pseudo=37 anchors=32 box_extra=6 mask_extra=5 reject_rel=1 BDL=32/144 bdl_fallback=0 Dbd/Din=0.03150/0.00614 ratio=5.13 soft_shift=0.00927 loss=11.3879 seg=1.0802 semseg=1.1473 mard=2.0243 lambda_avg=0.000190 FG/HBG/EBG=29.6/236.8/1184.0 rel=0.884/0.660/0.959 wmean=1.000
[SAVE] /home/dang/MedRT-SFOD/runs/seg/dense_sfseg/bdl_v1_smoke/checkpoints/dense_sfseg_epoch_1.pt

[PASS] Dense SFSeg run completed
