nohup: ignoring input
========================================================================
DENSE MEDRT-SFSEG STAGE-2
========================================================================
target images : 612
labels used   : NO
GT masks used : NO
epochs        : 1
batch         : 4

Mask-DHF rel  : 0.744898
stability     : 0.4 0.6

MARD lambda0  : 0.05
MARD warmup   : 5.0
[E01] batch=001/153 pseudo=4 loss=9.6759 seg=0.6057 semseg=0.7655 mard=2.0819 lambda=0.000000 box_extra=2 mask_extra=1 grad_preclip=137.58
[E01] batch=010/153 pseudo=3 loss=5.5514 seg=0.6980 semseg=0.2586 mard=2.0812 lambda=0.000346 box_extra=0 mask_extra=0 grad_preclip=42.70
[E01] batch=020/153 pseudo=3 loss=3.1019 seg=0.3749 semseg=0.1098 mard=2.1321 lambda=0.000822 box_extra=0 mask_extra=0 grad_preclip=24.52
[E01] batch=030/153 pseudo=4 loss=9.1975 seg=0.6491 semseg=1.3525 mard=2.0650 lambda=0.001469 box_extra=2 mask_extra=1 grad_preclip=734.74
[E01] batch=040/153 pseudo=3 loss=4.7554 seg=0.5678 semseg=0.2444 mard=2.0194 lambda=0.001440 box_extra=0 mask_extra=0 grad_preclip=81.39
[E01] batch=050/153 pseudo=4 loss=7.3286 seg=0.4758 semseg=0.5984 mard=2.0942 lambda=0.002053 box_extra=0 mask_extra=0 grad_preclip=286.06
[E01] batch=060/153 pseudo=5 loss=7.6858 seg=0.7488 semseg=0.2573 mard=2.0919 lambda=0.002445 box_extra=3 mask_extra=3 grad_preclip=178.65
[E01] batch=070/153 pseudo=4 loss=14.4288 seg=1.0163 semseg=1.0467 mard=2.0295 lambda=0.001672 box_extra=1 mask_extra=1 grad_preclip=145.67
[E01] batch=080/153 pseudo=4 loss=11.0766 seg=0.5523 semseg=0.8681 mard=2.0593 lambda=0.001972 box_extra=2 mask_extra=2 grad_preclip=120.16
[E01] batch=090/153 pseudo=3 loss=4.0437 seg=0.4537 semseg=0.1602 mard=2.0468 lambda=0.004553 box_extra=0 mask_extra=0 grad_preclip=46.18
[E01] batch=100/153 pseudo=4 loss=4.0364 seg=0.3582 semseg=0.0895 mard=2.0982 lambda=0.005050 box_extra=0 mask_extra=0 grad_preclip=43.69
[E01] batch=110/153 pseudo=3 loss=7.0309 seg=0.7222 semseg=0.6242 mard=2.0494 lambda=0.004750 box_extra=0 mask_extra=0 grad_preclip=91.19
[E01] batch=120/153 pseudo=4 loss=24.2078 seg=0.6250 semseg=3.2981 mard=2.0105 lambda=0.004401 box_extra=1 mask_extra=1 grad_preclip=617.77
[E01] batch=130/153 pseudo=5 loss=9.2620 seg=0.7442 semseg=0.4642 mard=2.0728 lambda=0.002276 box_extra=0 mask_extra=0 grad_preclip=77.05
[E01] batch=140/153 pseudo=3 loss=14.1933 seg=0.7463 semseg=2.3642 mard=2.0520 lambda=0.003914 box_extra=1 mask_extra=0 grad_preclip=287.38
[E01] batch=150/153 pseudo=3 loss=5.2114 seg=0.5465 semseg=0.4735 mard=2.0456 lambda=0.006542 box_extra=1 mask_extra=1 grad_preclip=255.19
[E01] batch=153/153 pseudo=4 loss=22.6140 seg=1.3860 semseg=4.7585 mard=2.1136 lambda=0.005801 box_extra=0 mask_extra=0 grad_preclip=220.47

[Epoch 01] DONE time=31.8s valid=153 skipped=0 pseudo=532 anchors=477 box_extra=78 mask_extra=55 reject_rel=23 loss=8.3260 seg=0.7881 semseg=0.7203 mard=2.0686 lambda_avg=0.003126
[SAVE] /home/dang/MedRT-SFOD/runs/seg/dense_sfseg/cvc_integrated_1ep/checkpoints/dense_sfseg_epoch_1.pt

[PASS] Dense SFSeg run completed
