========================================================================
DENSE MEDRT-SFSEG STAGE-2
========================================================================
target images : 612
labels used   : NO
GT masks used : NO
epochs        : 1
batch         : 4

Mask-DHF rel  : 0.744898
stability     : 0.4 0.6

MARD lambda0  : 0.05
MARD warmup   : 5.0
MARD mode     : mask
FG definition : inside Teacher pseudo segmentation mask
FG erosion    : 1
mask dilation : 1
hard BG ratio : 0.5
reliability wt: ON
var/cov obj.   : reliability-weighted
[E01] batch=001/153 pseudo=4 loss=9.6759 seg=0.6057 semseg=0.7655 mard=2.0059 lambda=0.000000 box_extra=2 mask_extra=1 FG/HBG/EBG=32/256/1280 fallback=0 rel=0.878/0.795/0.944 wmean=0.978 grad_preclip=137.58
[E01] batch=002/153 pseudo=4 loss=9.0605 seg=0.8606 semseg=0.3359 mard=2.0285 lambda=0.000048 box_extra=0 mask_extra=0 FG/HBG/EBG=32/256/1280 fallback=0 rel=0.909/0.805/0.952 wmean=0.983 grad_preclip=313.87
[E01] batch=003/153 pseudo=3 loss=32.7660 seg=3.3151 semseg=6.3084 mard=2.0536 lambda=0.000068 box_extra=0 mask_extra=0 FG/HBG/EBG=24/192/960 fallback=0 rel=0.822/0.660/0.928 wmean=0.967 grad_preclip=389.08
[E01] batch=004/153 pseudo=4 loss=5.3616 seg=0.4917 semseg=0.2160 mard=2.0271 lambda=0.000139 box_extra=0 mask_extra=0 FG/HBG/EBG=32/256/1280 fallback=0 rel=0.905/0.867/0.937 wmean=0.983 grad_preclip=58.55
[E01] batch=005/153 pseudo=4 loss=14.3718 seg=0.5906 semseg=1.8092 mard=2.0669 lambda=0.000186 box_extra=1 mask_extra=1 FG/HBG/EBG=32/256/1280 fallback=0 rel=0.904/0.778/0.958 wmean=0.982 grad_preclip=100.75
[E01] batch=006/153 pseudo=4 loss=18.7793 seg=2.3270 semseg=0.9525 mard=2.0133 lambda=0.000197 box_extra=1 mask_extra=1 FG/HBG/EBG=32/256/1280 fallback=0 rel=0.867/0.797/0.946 wmean=0.976 grad_preclip=225.59
[E01] batch=007/153 pseudo=4 loss=5.9815 seg=0.6347 semseg=0.2165 mard=2.0132 lambda=0.000299 box_extra=1 mask_extra=1 FG/HBG/EBG=32/256/1280 fallback=0 rel=0.919/0.875/0.957 wmean=0.985 grad_preclip=120.28
[E01] batch=008/153 pseudo=4 loss=6.8232 seg=0.4970 semseg=0.3261 mard=1.9937 lambda=0.000257 box_extra=1 mask_extra=1 FG/HBG/EBG=32/256/1280 fallback=0 rel=0.862/0.738/0.942 wmean=0.975 grad_preclip=162.24
[E01] batch=009/153 pseudo=3 loss=5.3116 seg=0.7316 semseg=0.2819 mard=2.0323 lambda=0.000354 box_extra=0 mask_extra=0 FG/HBG/EBG=24/192/960 fallback=0 rel=0.901/0.793/0.959 wmean=0.982 grad_preclip=79.74
[E01] batch=010/153 pseudo=3 loss=5.5495 seg=0.6979 semseg=0.2585 mard=2.0232 lambda=0.000346 box_extra=0 mask_extra=0 FG/HBG/EBG=24/192/960 fallback=0 rel=0.860/0.710/0.936 wmean=0.974 grad_preclip=42.71

[Epoch 01] DONE time=3.8s valid=10 skipped=0 pseudo=37 anchors=32 box_extra=6 mask_extra=5 reject_rel=1 loss=11.3681 seg=1.0752 semseg=1.1471 mard=2.0258 lambda_avg=0.000190 FG/HBG/EBG=29.6/236.8/1184.0 rel=0.884/0.660/0.959 wmean=0.978
[SAVE] /home/dang/MedRT-SFOD/runs/seg/dense_sfseg/segmard_v3_smoke/checkpoints/dense_sfseg_epoch_1.pt

[PASS] Dense SFSeg run completed
