==============================================================================
MEDRT-SFSEG POST-TRAINING ANALYSIS
==============================================================================
model        : /home/dang/MedRT-SFOD/runs/seg/dense_sfseg/cvc_bdl_v1_segmard_v2_60ep/checkpoints/dense_sfseg_epoch_60.pt
images       : 612
GT used      : YES, EVALUATION ONLY
ASD/HD95 unit: pixels
output       : /home/dang/MedRT-SFOD/runs/seg/analysis/cvc_bdl_v1_segmard_v2

[0001/0612] 1.png Dice=0.5620 ASD=16.79px HD95=65.05px
[0025/0612] 120.png Dice=0.5505 ASD=36.23px HD95=152.00px
[0050/0612] 143.png Dice=0.9579 ASD=1.33px HD95=4.00px
[0075/0612] 166.png Dice=0.9500 ASD=1.89px HD95=6.40px
[0100/0612] 189.png Dice=0.9381 ASD=2.22px HD95=5.83px
[0125/0612] 210.png Dice=0.7280 ASD=34.23px HD95=157.53px
[0150/0612] 233.png Dice=0.5819 ASD=38.84px HD95=96.17px
[0175/0612] 256.png Dice=0.4435 ASD=37.72px HD95=94.31px
[0200/0612] 279.png Dice=0.9565 ASD=1.05px HD95=2.83px
[0225/0612] 300.png Dice=0.9653 ASD=1.38px HD95=4.00px
[0250/0612] 323.png Dice=0.9536 ASD=2.23px HD95=6.00px
[0275/0612] 346.png Dice=0.9569 ASD=1.47px HD95=4.47px
[0300/0612] 369.png Dice=0.8148 ASD=4.11px HD95=11.00px
[0325/0612] 391.png Dice=0.9605 ASD=1.30px HD95=3.00px
[0350/0612] 413.png Dice=0.7836 ASD=8.64px HD95=24.00px
[0375/0612] 436.png Dice=0.9295 ASD=3.04px HD95=8.00px
[0400/0612] 459.png Dice=0.9176 ASD=2.69px HD95=6.00px
[0425/0612] 481.png Dice=0.9007 ASD=6.28px HD95=32.80px
[0450/0612] 503.png Dice=0.9712 ASD=2.12px HD95=11.18px
[0475/0612] 526.png Dice=0.9626 ASD=1.62px HD95=4.00px
[0500/0612] 549.png Dice=0.6338 ASD=25.92px HD95=87.19px
[0525/0612] 571.png Dice=0.9112 ASD=2.11px HD95=7.21px
[0550/0612] 594.png Dice=0.7682 ASD=8.55px HD95=38.27px
[0575/0612] 65.png Dice=0.8834 ASD=2.17px HD95=6.90px
[0600/0612] 88.png Dice=0.9319 ASD=2.30px HD95=6.00px
[0612/0612] 99.png Dice=0.9626 ASD=1.55px HD95=5.00px

==============================================================================
POST-TRAINING SEGMENTATION ANALYSIS RESULTS
==============================================================================
Macro Dice       : 0.807027
Macro IoU        : 0.729272
Macro Precision  : 0.805263
Macro Sensitivity: 0.878625
Macro Specificity: 0.968132
Macro ASD        : 24.406343 px
Macro HD95       : 49.151268 px
Params           : 10.366 M
Boundary statuses: {'ok': 596, 'pred_empty': 16}
Saved summary    : /home/dang/MedRT-SFOD/runs/seg/analysis/cvc_bdl_v1_segmard_v2/summary.json
Saved per-image  : /home/dang/MedRT-SFOD/runs/seg/analysis/cvc_bdl_v1_segmard_v2/per_image_metrics.csv
Saved hard cases : /home/dang/MedRT-SFOD/runs/seg/analysis/cvc_bdl_v1_segmard_v2/hard_cases.csv
Saved visuals    : /home/dang/MedRT-SFOD/runs/seg/analysis/cvc_bdl_v1_segmard_v2/visualizations
[PASS] Post-training analysis completed
