
[1/4] Official Ultralytics mask validation
Ultralytics 8.4.46 🚀 Python-3.12.3 torch-2.5.1+cu121 CUDA:0 (NVIDIA GeForce RTX 4060 Ti, 15985MiB)
YOLO26s-seg summary (fused): 139 layers, 10,365,727 parameters, 69,615 gradients, 34.0 GFLOPs
[34m[1mval: [0mFast image access ✅ (ping: 0.0±0.0 ms, read: 1626.2±258.7 MB/s, size: 35.5 KB)
[K[34m[1mval: [0mScanning /home/dang/MedRT-SFOD/dataset/Kvasir-SEG-YOLO26/labels/val.cache... 200 images, 0 backgrounds, 0 corrupt: 100% ━━━━━━━━━━━━ 200/200 52.4Mit/s 0.0s
[K                 Class     Images  Instances      Box(P          R      mAP50  mAP50-95)     Mask(P          R      mAP50  mAP50-95): 4% ──────────── 1/25 1.5it/s 0.2s<15.6s[K                 Class     Images  Instances      Box(P          R      mAP50  mAP50-95)     Mask(P          R      mAP50  mAP50-95): 8% ╸─────────── 2/25 2.9it/s 0.4s<7.9s[K                 Class     Images  Instances      Box(P          R      mAP50  mAP50-95)     Mask(P          R      mAP50  mAP50-95): 16% ━╸────────── 4/25 6.3it/s 0.5s<3.3s[K                 Class     Images  Instances      Box(P          R      mAP50  mAP50-95)     Mask(P          R      mAP50  mAP50-95): 24% ━━╸───────── 6/25 8.8it/s 0.6s<2.2s[K                 Class     Images  Instances      Box(P          R      mAP50  mAP50-95)     Mask(P          R      mAP50  mAP50-95): 32% ━━━╸──────── 8/25 10.5it/s 0.8s<1.6s[K                 Class     Images  Instances      Box(P          R      mAP50  mAP50-95)     Mask(P          R      mAP50  mAP50-95): 40% ━━━━╸─────── 10/25 11.1it/s 0.9s<1.3s[K                 Class     Images  Instances      Box(P          R      mAP50  mAP50-95)     Mask(P          R      mAP50  mAP50-95): 48% ━━━━━╸────── 12/25 12.2it/s 1.1s<1.1s[K                 Class     Images  Instances      Box(P          R      mAP50  mAP50-95)     Mask(P          R      mAP50  mAP50-95): 56% ━━━━━━╸───── 14/25 12.8it/s 1.2s<0.9s[K                 Class     Images  Instances      Box(P          R      mAP50  mAP50-95)     Mask(P          R      mAP50  mAP50-95): 64% ━━━━━━━╸──── 16/25 13.3it/s 1.3s<0.7s[K                 Class     Images  Instances      Box(P          R      mAP50  mAP50-95)     Mask(P          R      mAP50  mAP50-95): 68% ━━━━━━━━──── 17/25 11.6it/s 1.5s<0.7s[K                 Class     Images  Instances      Box(P          R      mAP50  mAP50-95)     Mask(P          R      mAP50  mAP50-95): 76% ━━━━━━━━━─── 19/25 12.3it/s 1.6s<0.5s[K                 Class     Images  Instances      Box(P          R      mAP50  mAP50-95)     Mask(P          R      mAP50  mAP50-95): 80% ━━━━━━━━━╸── 20/25 11.2it/s 1.7s<0.4s[K                 Class     Images  Instances      Box(P          R      mAP50  mAP50-95)     Mask(P          R      mAP50  mAP50-95): 88% ━━━━━━━━━━╸─ 22/25 11.7it/s 1.9s<0.3s[K                 Class     Images  Instances      Box(P          R      mAP50  mAP50-95)     Mask(P          R      mAP50  mAP50-95): 96% ━━━━━━━━━━━╸ 24/25 11.3it/s 2.1s<0.1s[K                 Class     Images  Instances      Box(P          R      mAP50  mAP50-95)     Mask(P          R      mAP50  mAP50-95): 100% ━━━━━━━━━━━━ 25/25 11.3it/s 2.2s
                   all        200        216      0.827      0.733      0.745      0.484      0.848      0.759      0.771      0.529
Speed: 1.9ms preprocess, 6.4ms inference, 0.0ms loss, 0.5ms postprocess per image

[2/4] Detailed medical segmentation analysis

>>> /home/dang/MedRT-SFOD/.venv/bin/python /home/dang/MedRT-SFOD/scripts/YOLO26/medseg/analyze_seg_results.py --model /home/dang/MedRT-SFOD/runs/seg/dense_sfseg/kvasir_durr_v1_segmard_v2_60ep/checkpoints/durr_student_epoch_60.pt --images /home/dang/MedRT-SFOD/dataset/Kvasir-SEG-YOLO26/images/target --gt-masks /home/dang/MedRT-SFOD/dataset/Kvasir-SEG-YOLO26/gt_masks/target --out-dir /home/dang/MedRT-SFOD/runs/seg/benchmarks/kvasir_durr_v1_final/segmentation_analysis --imgsz 640 --device 0 --conf 0.25 --topk 20
==============================================================================
MEDRT-SFSEG POST-TRAINING ANALYSIS
==============================================================================
model        : /home/dang/MedRT-SFOD/runs/seg/dense_sfseg/kvasir_durr_v1_segmard_v2_60ep/checkpoints/durr_student_epoch_60.pt
images       : 1000
GT used      : YES, EVALUATION ONLY
ASD/HD95 unit: mm / mm
output       : /home/dang/MedRT-SFOD/runs/seg/benchmarks/kvasir_durr_v1_final/segmentation_analysis

[0001/1000] cju0qkwl35piu0993l0dewei2.jpg Dice=0.7627 ASD=10.93mm HD95=97.08mm
[0025/1000] cju15mhjczc8z0801kit5c6di.jpg Dice=0.9122 ASD=3.99mm HD95=38.40mm
[0050/1000] cju18ibp219ub08783i6o98g7.jpg Dice=0.8589 ASD=2.06mm HD95=12.60mm
[0075/1000] cju1cvkfwqrec0993wbp1jlzm.jpg Dice=0.8058 ASD=14.47mm HD95=148.49mm
[0100/1000] cju1f5x1164xv08555654c24r.jpg Dice=0.9432 ASD=4.31mm HD95=13.00mm
[0125/1000] cju1hp9i2xu8e0988u2dazk7m.jpg Dice=0.9575 ASD=1.49mm HD95=9.85mm
[0150/1000] cju2lyynuymli0855g7fxgbhe.jpg Dice=0.0304 ASD=29.06mm HD95=126.31mm
[0175/1000] cju2p0eveqtdc0835gpi3p93i.jpg Dice=0.9642 ASD=1.30mm HD95=9.43mm
[0200/1000] cju2raxlosl630988jdbfy9b0.jpg Dice=0.7977 ASD=11.35mm HD95=90.94mm
[0225/1000] cju2syxa93yw40799x2iuwabz.jpg Dice=0.9193 ASD=1.25mm HD95=7.62mm
[0250/1000] cju2uy8ox62jo0801g88hh42z.jpg Dice=0.9476 ASD=1.37mm HD95=8.06mm
[0275/1000] cju2yi9tz8vky0801yqip0xyl.jpg Dice=0.0000 ASD=811.32mm HD95=811.32mm
[0300/1000] cju2zwg05a0oy0801yr73ig7g.jpg Dice=0.9585 ASD=1.49mm HD95=10.30mm
[0325/1000] cju3128yi0rpu0988o4oo5n8n.jpg Dice=0.9224 ASD=1.81mm HD95=11.66mm
[0350/1000] cju334jzo261t0835yqudnfs1.jpg Dice=0.9757 ASD=3.22mm HD95=11.40mm
[0375/1000] cju34xspwzenf0993cyzajv9n.jpg Dice=0.9472 ASD=2.03mm HD95=12.04mm
[0400/1000] cju3u39fog1bo0871lxjrabks.jpg Dice=0.9597 ASD=3.07mm HD95=27.31mm
[0425/1000] cju3xjqtpikx50817tppy6g84.jpg Dice=0.9354 ASD=3.35mm HD95=25.86mm
[0450/1000] cju410dnfl0960755y8lu8d79.jpg Dice=0.6201 ASD=7.77mm HD95=78.23mm
[0475/1000] cju42xpi8lw4w0871ve317a1p.jpg Dice=0.9428 ASD=1.67mm HD95=9.00mm
[0500/1000] cju5bbtwsa8cl0987wgfsqpao.jpg Dice=0.9336 ASD=2.36mm HD95=21.10mm
[0525/1000] cju5es375cnzy0801nkq35ffs.jpg Dice=0.9348 ASD=1.91mm HD95=11.40mm
[0550/1000] cju5i5oh2efg60987ez6cpf72.jpg Dice=0.9545 ASD=2.89mm HD95=40.44mm
[0575/1000] cju5uxjnol2r509871qv2yeia.jpg Dice=0.4895 ASD=26.09mm HD95=169.62mm
[0600/1000] cju5wuhm1lwm40987vugqn3vv.jpg Dice=0.9308 ASD=2.17mm HD95=11.40mm
[0625/1000] cju6v1m1xv07w09870ah3njy1.jpg Dice=0.9005 ASD=1.91mm HD95=17.21mm
[0650/1000] cju6xifswvwbo0987nibtdr50.jpg Dice=0.9141 ASD=7.16mm HD95=53.00mm
[0675/1000] cju77j66ez52p08019xygi0co.jpg Dice=0.8831 ASD=2.23mm HD95=13.93mm
[0700/1000] cju7arvfe1ldu0850erdmphgj.jpg Dice=0.9555 ASD=2.63mm HD95=13.01mm
[0725/1000] cju7ctvqn25dy08186g442m1r.jpg Dice=0.6062 ASD=16.97mm HD95=152.22mm
[0750/1000] cju7dn24o296i09871qfxb8s2.jpg Dice=0.4178 ASD=24.30mm HD95=172.53mm
[0775/1000] cju7er4kc2opa0801anuxc0eb.jpg Dice=0.9619 ASD=1.76mm HD95=14.21mm
[0800/1000] cju7fob3x301u0755x985pmmq.jpg Dice=0.9481 ASD=1.77mm HD95=18.25mm
[0825/1000] cju84aoa3ktwn0755pfl4gfwd.jpg Dice=0.7348 ASD=13.82mm HD95=91.15mm
[0850/1000] cju85qefyln6v0850szeb9byi.jpg Dice=0.9586 ASD=4.06mm HD95=87.19mm
[0875/1000] cju88itqbny720987hxizbj5y.jpg Dice=0.0716 ASD=44.52mm HD95=234.88mm
[0900/1000] cju8abobpqbir08189u01huru.jpg Dice=0.9391 ASD=5.46mm HD95=78.85mm
[0925/1000] cju8b7aqtr4a00987coba14b7.jpg Dice=0.8551 ASD=2.43mm HD95=17.01mm
[0950/1000] cju8c5223s8j80850b4kealt4.jpg Dice=0.3764 ASD=30.72mm HD95=235.57mm
[0975/1000] cju8doa16u5gh0818w1ywda3q.jpg Dice=0.3196 ASD=47.97mm HD95=253.00mm
[1000/1000] ck2da7fwcjfis07218r1rvm95.jpg Dice=0.9516 ASD=1.06mm HD95=7.21mm

==============================================================================
POST-TRAINING SEGMENTATION ANALYSIS RESULTS
==============================================================================
Macro Dice       : 0.807650
Macro IoU        : 0.725200
Macro Precision  : 0.923033
Macro Sensitivity: 0.762722
Macro Specificity: 0.990874
Macro ASD        : 23.320594 mm
Macro HD95       : 77.804717 mm
Params           : 10.366 M
Boundary statuses: {'ok': 983, 'pred_empty': 17}
Saved summary    : /home/dang/MedRT-SFOD/runs/seg/benchmarks/kvasir_durr_v1_final/segmentation_analysis/summary.json
Saved per-image  : /home/dang/MedRT-SFOD/runs/seg/benchmarks/kvasir_durr_v1_final/segmentation_analysis/per_image_metrics.csv
Saved hard cases : /home/dang/MedRT-SFOD/runs/seg/benchmarks/kvasir_durr_v1_final/segmentation_analysis/hard_cases.csv
Saved visuals    : /home/dang/MedRT-SFOD/runs/seg/benchmarks/kvasir_durr_v1_final/segmentation_analysis/visualizations
[PASS] Post-training analysis completed

[3/4] Deployment speed benchmark

>>> /home/dang/MedRT-SFOD/.venv/bin/python /home/dang/MedRT-SFOD/scripts/YOLO26/medseg/benchmark_seg_speed.py --model /home/dang/MedRT-SFOD/runs/seg/dense_sfseg/kvasir_durr_v1_segmard_v2_60ep/checkpoints/durr_student_epoch_60.pt --image /home/dang/MedRT-SFOD/dataset/Kvasir-SEG-YOLO26/images/target/cju0qkwl35piu0993l0dewei2.jpg --out /home/dang/MedRT-SFOD/runs/seg/benchmarks/kvasir_durr_v1_final/speed_fp32.json --imgsz 640 --device 0 --conf 0.25 --warmup 100 --iters 500 --precision fp32
==============================================================================
MEDRT-SFSEG SPEED BENCHMARK
==============================================================================
model     : /home/dang/MedRT-SFOD/runs/seg/dense_sfseg/kvasir_durr_v1_segmard_v2_60ep/checkpoints/durr_student_epoch_60.pt
GPU/device: cuda:0
GPU name  : NVIDIA GeForce RTX 4060 Ti
input     : 1x3x640x640
precision : fp32
warmup    : 100
iterations: 500

YOLO26s-seg summary (fused): 139 layers, 10,365,727 parameters, 69,615 gradients, 34.0 GFLOPs
NETWORK FORWARD
  mean latency : 11.839 ms/image
  median       : 11.844 ms/image
  p95          : 11.905 ms/image
  FPS          : 84.47

END-TO-END (in-memory image, disk I/O excluded)
  mean latency : 16.431 ms/image
  median       : 16.422 ms/image
  p95          : 16.505 ms/image
  FPS          : 60.86

Full graph params : 11.434 M
Deployment params : 10.366 M
Checkpoint size: 22.33 MB
Saved          : /home/dang/MedRT-SFOD/runs/seg/benchmarks/kvasir_durr_v1_final/speed_fp32.json
[PASS] Speed benchmark completed

[4/4] Deployment graph profile

========================================================================================
FINAL DURR REPORT
========================================================================================
Mask mAP50    : 0.770593
Mask mAP50-95 : 0.529200
Dice          : 0.807650
IoU           : 0.725200
Precision     : 0.923033
Sensitivity   : 0.762722
Specificity   : 0.990874
ASD           : 23.321 mm
HD95          : 77.805 mm
Params full   : 11.434 M
Params fused  : 10.366 M
GFLOPs        : 34.046
E2E latency   : 16.431 ms
E2E FPS       : 60.86
Real-time     : PASS
Saved         : /home/dang/MedRT-SFOD/runs/seg/benchmarks/kvasir_durr_v1_final/final_report.json
Paper table   : /home/dang/MedRT-SFOD/runs/seg/benchmarks/kvasir_durr_v1_final/paper_metrics.md
