==============================================================================
MEDRT-SFSEG POST-TRAINING ANALYSIS
==============================================================================
model        : /home/dang/MedRT-SFOD/runs/seg/dense_sfseg/kvasir_durr_v1_segmard_v2_60ep/checkpoints/dense_sfseg_epoch_60.pt
images       : 1000
GT used      : YES, EVALUATION ONLY
ASD/HD95 unit: pixels
output       : /home/dang/MedRT-SFOD/runs/seg/analysis/kvasir_durr_v1_segmard_v2

[0001/1000] cju0qkwl35piu0993l0dewei2.jpg Dice=0.7770 ASD=31.01px HD95=89.06px
[0025/1000] cju15mhjczc8z0801kit5c6di.jpg Dice=0.9093 ASD=10.36px HD95=39.85px
[0050/1000] cju18ibp219ub08783i6o98g7.jpg Dice=0.8481 ASD=5.62px HD95=12.66px
[0075/1000] cju1cvkfwqrec0993wbp1jlzm.jpg Dice=0.8062 ASD=18.08px HD95=148.15px
[0100/1000] cju1f5x1164xv08555654c24r.jpg Dice=0.9363 ASD=9.75px HD95=17.58px
[0125/1000] cju1hp9i2xu8e0988u2dazk7m.jpg Dice=0.9568 ASD=3.72px HD95=9.90px
[0150/1000] cju2lyynuymli0855g7fxgbhe.jpg Dice=0.0293 ASD=61.84px HD95=126.80px
[0175/1000] cju2p0eveqtdc0835gpi3p93i.jpg Dice=0.9629 ASD=3.40px HD95=9.90px
[0200/1000] cju2raxlosl630988jdbfy9b0.jpg Dice=0.7971 ASD=23.04px HD95=92.07px
[0225/1000] cju2syxa93yw40799x2iuwabz.jpg Dice=0.9069 ASD=3.62px HD95=9.00px
[0250/1000] cju2uy8ox62jo0801g88hh42z.jpg Dice=0.9461 ASD=3.39px HD95=8.49px
[0275/1000] cju2yi9tz8vky0801yqip0xyl.jpg Dice=0.0000 ASD=811.32px HD95=811.32px
[0300/1000] cju2zwg05a0oy0801yr73ig7g.jpg Dice=0.9587 ASD=3.55px HD95=10.27px
[0325/1000] cju3128yi0rpu0988o4oo5n8n.jpg Dice=0.9165 ASD=4.73px HD95=11.67px
[0350/1000] cju334jzo261t0835yqudnfs1.jpg Dice=0.9769 ASD=6.67px HD95=11.18px
[0375/1000] cju34xspwzenf0993cyzajv9n.jpg Dice=0.9461 ASD=5.14px HD95=12.21px
[0400/1000] cju3u39fog1bo0871lxjrabks.jpg Dice=0.9614 ASD=10.07px HD95=26.57px
[0425/1000] cju3xjqtpikx50817tppy6g84.jpg Dice=0.9347 ASD=6.27px HD95=25.94px
[0450/1000] cju410dnfl0960755y8lu8d79.jpg Dice=0.6145 ASD=19.78px HD95=80.46px
[0475/1000] cju42xpi8lw4w0871ve317a1p.jpg Dice=0.9430 ASD=4.08px HD95=9.22px
[0500/1000] cju5bbtwsa8cl0987wgfsqpao.jpg Dice=0.9332 ASD=6.08px HD95=21.19px
[0525/1000] cju5es375cnzy0801nkq35ffs.jpg Dice=0.9320 ASD=5.12px HD95=12.04px
[0550/1000] cju5i5oh2efg60987ez6cpf72.jpg Dice=0.9516 ASD=8.32px HD95=43.93px
[0575/1000] cju5uxjnol2r509871qv2yeia.jpg Dice=0.4874 ASD=42.62px HD95=169.61px
[0600/1000] cju5wuhm1lwm40987vugqn3vv.jpg Dice=0.9245 ASD=6.20px HD95=12.00px
[0625/1000] cju6v1m1xv07w09870ah3njy1.jpg Dice=0.8978 ASD=4.92px HD95=17.00px
[0650/1000] cju6xifswvwbo0987nibtdr50.jpg Dice=0.9164 ASD=17.00px HD95=53.23px
[0675/1000] cju77j66ez52p08019xygi0co.jpg Dice=0.8698 ASD=6.17px HD95=13.97px
[0700/1000] cju7arvfe1ldu0850erdmphgj.jpg Dice=0.9556 ASD=4.00px HD95=12.44px
[0725/1000] cju7ctvqn25dy08186g442m1r.jpg Dice=0.5707 ASD=47.62px HD95=163.47px
[0750/1000] cju7dn24o296i09871qfxb8s2.jpg Dice=0.4138 ASD=64.82px HD95=172.53px
[0775/1000] cju7er4kc2opa0801anuxc0eb.jpg Dice=0.9626 ASD=4.14px HD95=12.04px
[0800/1000] cju7fob3x301u0755x985pmmq.jpg Dice=0.9477 ASD=4.37px HD95=18.54px
[0825/1000] cju84aoa3ktwn0755pfl4gfwd.jpg Dice=0.7447 ASD=44.04px HD95=90.00px
[0850/1000] cju85qefyln6v0850szeb9byi.jpg Dice=0.9626 ASD=15.38px HD95=88.85px
[0875/1000] cju88itqbny720987hxizbj5y.jpg Dice=0.0000 ASD=778.33px HD95=778.33px
[0900/1000] cju8abobpqbir08189u01huru.jpg Dice=0.9396 ASD=14.97px HD95=78.00px
[0925/1000] cju8b7aqtr4a00987coba14b7.jpg Dice=0.8540 ASD=6.98px HD95=18.00px
[0950/1000] cju8c5223s8j80850b4kealt4.jpg Dice=0.3702 ASD=79.40px HD95=234.35px
[0975/1000] cju8doa16u5gh0818w1ywda3q.jpg Dice=0.3249 ASD=136.00px HD95=252.61px
[1000/1000] ck2da7fwcjfis07218r1rvm95.jpg Dice=0.9546 ASD=2.49px HD95=7.21px

==============================================================================
POST-TRAINING SEGMENTATION ANALYSIS RESULTS
==============================================================================
Macro Dice       : 0.797458
Macro IoU        : 0.715309
Macro Precision  : 0.917221
Macro Sensitivity: 0.749541
Macro Specificity: 0.990867
Macro ASD        : 43.181489 px
Macro HD95       : 84.798149 px
Params           : 10.366 M
Boundary statuses: {'ok': 977, 'pred_empty': 23}
Saved summary    : /home/dang/MedRT-SFOD/runs/seg/analysis/kvasir_durr_v1_segmard_v2/summary.json
Saved per-image  : /home/dang/MedRT-SFOD/runs/seg/analysis/kvasir_durr_v1_segmard_v2/per_image_metrics.csv
Saved hard cases : /home/dang/MedRT-SFOD/runs/seg/analysis/kvasir_durr_v1_segmard_v2/hard_cases.csv
Saved visuals    : /home/dang/MedRT-SFOD/runs/seg/analysis/kvasir_durr_v1_segmard_v2/visualizations
[PASS] Post-training analysis completed
