nohup: ignoring input
==============================================================================
RASP-SFSEG STAGE-3
==============================================================================
initial weights : /home/dang/MedRT-SFOD/runs/seg/stage1/frozen/yolo26s_seg_cvc_adabn.pt
target images   : 612
labels used     : NO
GT masks used   : NO
eligible groups : 13
eligible hidden : 880
Proto/head prune: NO
RASP warmup     : 5
RASP cycle      : 3
RASP rel gate   : 0.5
RASP GMM BIC    : 0.0
RASP pack       : 8
RASP step cap   : 0.05

[E01] batch=001/153 pseudo=5 loss=8.8094 seg=0.6412 semseg=0.3781 mard=2.1076 lambda=0.000000 conf=0.7785 rasp_s=0.0000 grad_preclip=145.60
[E01] batch=020/153 pseudo=4 loss=8.9391 seg=0.9607 semseg=0.3092 mard=2.0722 lambda=0.000660 conf=0.7656 rasp_s=0.0000 grad_preclip=246.07
[E01] batch=040/153 pseudo=4 loss=9.9632 seg=0.9404 semseg=0.4408 mard=2.1039 lambda=0.001582 conf=0.8103 rasp_s=0.0000 grad_preclip=92.16
[E01] batch=060/153 pseudo=3 loss=5.6166 seg=0.4860 semseg=0.3106 mard=2.0669 lambda=0.002702 conf=0.8503 rasp_s=0.0000 grad_preclip=121.44
[E01] batch=080/153 pseudo=3 loss=27.4242 seg=3.7751 semseg=2.1393 mard=2.0264 lambda=0.002635 conf=0.7552 rasp_s=0.0000 grad_preclip=437.46
[E01] batch=100/153 pseudo=3 loss=5.8135 seg=0.5049 semseg=0.3104 mard=2.0569 lambda=0.003792 conf=0.7931 rasp_s=0.0000 grad_preclip=78.93
[E01] batch=120/153 pseudo=4 loss=4.1913 seg=0.4351 semseg=0.1320 mard=2.0763 lambda=0.006562 conf=0.9218 rasp_s=0.0000 grad_preclip=30.39
[E01] batch=140/153 pseudo=5 loss=7.4885 seg=0.6030 semseg=0.2642 mard=2.0328 lambda=0.004837 conf=0.7662 rasp_s=0.0000 grad_preclip=49.84
[E01] batch=153/153 pseudo=4 loss=10.0342 seg=0.8754 semseg=0.6321 mard=2.0711 lambda=0.005939 conf=0.7989 rasp_s=0.0000 grad_preclip=133.95

[Epoch 01] DONE time=32.5s valid=153 skipped=0 pseudo=534 conf=0.8132 loss=8.4606 seg=0.7973 mard=2.0673 RASP(status=warmup, s=0.0000, new_packs=0, knee=0/0, saved_macs=0.0000)
[E02] batch=001/153 pseudo=4 loss=7.2430 seg=0.6361 semseg=0.1763 mard=2.0331 lambda=0.006321 conf=0.8160 rasp_s=0.0000 grad_preclip=108.53
[E02] batch=020/153 pseudo=3 loss=5.1659 seg=0.5100 semseg=0.2870 mard=2.0650 lambda=0.007394 conf=0.8289 rasp_s=0.0000 grad_preclip=80.13
[E02] batch=040/153 pseudo=4 loss=4.4299 seg=0.4680 semseg=0.1176 mard=2.1133 lambda=0.010651 conf=0.9244 rasp_s=0.0000 grad_preclip=36.15
[E02] batch=060/153 pseudo=2 loss=3.0441 seg=0.3970 semseg=0.1365 mard=2.0694 lambda=0.010396 conf=0.8751 rasp_s=0.0000 grad_preclip=40.52
[E02] batch=080/153 pseudo=4 loss=7.4395 seg=0.5240 semseg=0.7430 mard=2.0482 lambda=0.012365 conf=0.9077 rasp_s=0.0000 grad_preclip=204.43
[E02] batch=100/153 pseudo=3 loss=4.9723 seg=0.5195 semseg=0.2378 mard=2.0931 lambda=0.012875 conf=0.8908 rasp_s=0.0000 grad_preclip=53.54
[E02] batch=120/153 pseudo=3 loss=4.4518 seg=0.5113 semseg=0.2031 mard=2.0882 lambda=0.008188 conf=0.7303 rasp_s=0.0000 grad_preclip=38.03
[E02] batch=140/153 pseudo=2 loss=4.4286 seg=0.5170 semseg=0.3384 mard=2.0795 lambda=0.009665 conf=0.7532 rasp_s=0.0000 grad_preclip=29.44
[E02] batch=153/153 pseudo=3 loss=3.9591 seg=0.4827 semseg=0.1119 mard=2.0734 lambda=0.015416 conf=0.8867 rasp_s=0.0000 grad_preclip=116.60

[Epoch 02] DONE time=31.5s valid=153 skipped=0 pseudo=532 conf=0.8142 loss=7.6592 seg=0.7749 mard=2.0661 RASP(status=warmup, s=0.0000, new_packs=0, knee=0/0, saved_macs=0.0000)
[E03] batch=001/153 pseudo=3 loss=9.0597 seg=0.3749 semseg=1.3860 mard=2.1253 lambda=0.011701 conf=0.7925 rasp_s=0.0000 grad_preclip=110.88
[E03] batch=020/153 pseudo=2 loss=3.6318 seg=0.5946 semseg=0.2564 mard=2.0122 lambda=0.013258 conf=0.8121 rasp_s=0.0000 grad_preclip=49.56
[E03] batch=040/153 pseudo=3 loss=6.4003 seg=0.5582 semseg=0.5982 mard=2.0551 lambda=0.017603 conf=0.8903 rasp_s=0.0000 grad_preclip=220.96
[E03] batch=060/153 pseudo=4 loss=4.5282 seg=0.6339 semseg=0.1619 mard=2.0916 lambda=0.017231 conf=0.8611 rasp_s=0.0000 grad_preclip=122.86
[E03] batch=080/153 pseudo=4 loss=8.7878 seg=0.7018 semseg=0.3099 mard=2.0678 lambda=0.013963 conf=0.7774 rasp_s=0.0000 grad_preclip=62.87
[E03] batch=100/153 pseudo=1 loss=1.3606 seg=0.3524 semseg=0.1989 mard=2.0498 lambda=0.020295 conf=0.8834 rasp_s=0.0000 grad_preclip=12.09
[E03] batch=120/153 pseudo=2 loss=3.2555 seg=0.5214 semseg=0.1988 mard=2.0416 lambda=0.020150 conf=0.8627 rasp_s=0.0000 grad_preclip=20.59
[E03] batch=140/153 pseudo=4 loss=6.0575 seg=0.5800 semseg=0.1905 mard=2.0771 lambda=0.023373 conf=0.9018 rasp_s=0.0000 grad_preclip=59.27
[E03] batch=153/153 pseudo=4 loss=3.9402 seg=0.3915 semseg=0.0989 mard=2.0669 lambda=0.023060 conf=0.8852 rasp_s=0.0000 grad_preclip=23.42

[Epoch 03] DONE time=31.3s valid=153 skipped=0 pseudo=528 conf=0.8183 loss=7.5181 seg=0.6760 mard=2.0725 RASP(status=warmup, s=0.0000, new_packs=0, knee=0/0, saved_macs=0.0000)
[E04] batch=001/153 pseudo=3 loss=3.9512 seg=0.5220 semseg=0.1283 mard=2.0834 lambda=0.021025 conf=0.8504 rasp_s=0.0000 grad_preclip=52.94
[E04] batch=020/153 pseudo=3 loss=4.6074 seg=0.5683 semseg=0.1933 mard=2.0788 lambda=0.019749 conf=0.8161 rasp_s=0.0000 grad_preclip=38.05
[E04] batch=040/153 pseudo=4 loss=4.6784 seg=0.3972 semseg=0.1310 mard=2.1607 lambda=0.024337 conf=0.8739 rasp_s=0.0000 grad_preclip=31.86
[E04] batch=060/153 pseudo=3 loss=2.0603 seg=0.2548 semseg=0.0656 mard=2.1529 lambda=0.029283 conf=0.9325 rasp_s=0.0000 grad_preclip=22.50
[E04] batch=080/153 pseudo=2 loss=3.4094 seg=0.4455 semseg=0.3123 mard=2.0850 lambda=0.021461 conf=0.8052 rasp_s=0.0000 grad_preclip=22.83
[E04] batch=100/153 pseudo=3 loss=2.4513 seg=0.2675 semseg=0.1077 mard=2.1294 lambda=0.030372 conf=0.9164 rasp_s=0.0000 grad_preclip=19.41
[E04] batch=120/153 pseudo=3 loss=2.9442 seg=0.2976 semseg=0.0903 mard=2.0517 lambda=0.027921 conf=0.8695 rasp_s=0.0000 grad_preclip=26.98
[E04] batch=140/153 pseudo=4 loss=13.4145 seg=0.5377 semseg=1.4158 mard=2.0628 lambda=0.026415 conf=0.8379 rasp_s=0.0000 grad_preclip=289.03
[E04] batch=153/153 pseudo=4 loss=10.5050 seg=1.1830 semseg=0.4737 mard=2.0319 lambda=0.020708 conf=0.7593 rasp_s=0.0000 grad_preclip=85.67

[Epoch 04] DONE time=31.5s valid=153 skipped=0 pseudo=533 conf=0.8164 loss=7.4812 seg=0.7019 mard=2.0759 RASP(status=warmup, s=0.0000, new_packs=0, knee=0/0, saved_macs=0.0000)
[E05] batch=001/153 pseudo=4 loss=5.6103 seg=0.4033 semseg=0.4515 mard=2.0524 lambda=0.027119 conf=0.8390 rasp_s=0.0000 grad_preclip=114.40
[E05] batch=020/153 pseudo=5 loss=5.4884 seg=0.4602 semseg=0.1404 mard=2.0636 lambda=0.026193 conf=0.8175 rasp_s=0.0000 grad_preclip=29.74
[E05] batch=040/153 pseudo=2 loss=2.8328 seg=0.4548 semseg=0.2647 mard=2.1119 lambda=0.030817 conf=0.8621 rasp_s=0.0000 grad_preclip=45.71
[E05] batch=060/153 pseudo=4 loss=9.6740 seg=0.5454 semseg=0.9689 mard=2.0903 lambda=0.028504 conf=0.8250 rasp_s=0.0000 grad_preclip=391.79
[E05] batch=080/153 pseudo=3 loss=2.6103 seg=0.2614 semseg=0.1276 mard=2.1467 lambda=0.032538 conf=0.8602 rasp_s=0.0000 grad_preclip=24.96
[E05] batch=100/153 pseudo=3 loss=16.5660 seg=0.6265 semseg=2.3976 mard=2.0582 lambda=0.020457 conf=0.7201 rasp_s=0.0000 grad_preclip=453.68
[E05] batch=120/153 pseudo=3 loss=12.5961 seg=0.5839 semseg=2.3536 mard=2.0741 lambda=0.023964 conf=0.7508 rasp_s=0.0000 grad_preclip=194.35
[E05] batch=140/153 pseudo=4 loss=9.5205 seg=0.4603 semseg=1.4155 mard=1.9937 lambda=0.024131 conf=0.7458 rasp_s=0.0000 grad_preclip=182.43
[E05] batch=153/153 pseudo=4 loss=4.1118 seg=0.3452 semseg=0.1206 mard=2.0664 lambda=0.038498 conf=0.8855 rasp_s=0.0000 grad_preclip=75.69

[Epoch 05] DONE time=31.5s valid=153 skipped=0 pseudo=538 conf=0.8115 loss=7.7135 seg=0.6978 mard=2.0678 RASP(status=warmup, s=0.0000, new_packs=0, knee=0/0, saved_macs=0.0000)
[E06] batch=001/153 pseudo=4 loss=7.5296 seg=0.6377 semseg=0.3523 mard=2.1216 lambda=0.024324 conf=0.7432 rasp_s=0.0000 grad_preclip=98.74
[E06] batch=020/153 pseudo=4 loss=11.3615 seg=0.8399 semseg=0.9452 mard=2.0681 lambda=0.030493 conf=0.8049 rasp_s=0.0000 grad_preclip=296.12
[E06] batch=040/153 pseudo=4 loss=3.3714 seg=0.3054 semseg=0.0991 mard=2.0234 lambda=0.041030 conf=0.9103 rasp_s=0.0000 grad_preclip=60.61
[E06] batch=060/153 pseudo=3 loss=12.0783 seg=1.2433 semseg=0.8273 mard=2.0141 lambda=0.016288 conf=0.6629 rasp_s=0.0000 grad_preclip=93.03
[E06] batch=080/153 pseudo=3 loss=6.9721 seg=0.7040 semseg=0.7241 mard=2.0840 lambda=0.035630 conf=0.8563 rasp_s=0.0000 grad_preclip=347.59
[E06] batch=100/153 pseudo=4 loss=3.2529 seg=0.2747 semseg=0.0912 mard=2.0617 lambda=0.042394 conf=0.9239 rasp_s=0.0000 grad_preclip=37.97
[E06] batch=120/153 pseudo=4 loss=8.0692 seg=0.4886 semseg=0.4005 mard=2.0339 lambda=0.030769 conf=0.8077 rasp_s=0.0000 grad_preclip=243.41
[E06] batch=140/153 pseudo=4 loss=7.7378 seg=0.6991 semseg=0.2982 mard=2.0966 lambda=0.034031 conf=0.8403 rasp_s=0.0000 grad_preclip=72.91
[E06] batch=153/153 pseudo=2 loss=2.2602 seg=0.3032 semseg=0.1480 mard=2.0884 lambda=0.035887 conf=0.8589 rasp_s=0.0000 grad_preclip=19.98

[Epoch 06] DONE time=31.9s valid=153 skipped=0 pseudo=529 conf=0.8108 loss=7.4172 seg=0.6880 mard=2.0722 RASP(status=pruned, s=0.0273, new_packs=3, knee=3/10, saved_macs=0.0391)
[E07] batch=001/153 pseudo=3 loss=2.9230 seg=0.4221 semseg=0.1364 mard=2.0460 lambda=0.041105 conf=0.9111 rasp_s=0.0273 grad_preclip=30.09
[E07] batch=020/153 pseudo=4 loss=3.3774 seg=0.2363 semseg=0.0777 mard=2.0801 lambda=0.021954 conf=0.7195 rasp_s=0.0273 grad_preclip=32.00
[E07] batch=040/153 pseudo=4 loss=29.4964 seg=1.7564 semseg=3.6775 mard=2.0903 lambda=0.032029 conf=0.8203 rasp_s=0.0273 grad_preclip=232.04
[E07] batch=060/153 pseudo=4 loss=7.8773 seg=0.3364 semseg=0.7556 mard=2.0198 lambda=0.025658 conf=0.7566 rasp_s=0.0273 grad_preclip=58.26
[E07] batch=080/153 pseudo=4 loss=5.1359 seg=0.4123 semseg=0.1541 mard=2.0741 lambda=0.028623 conf=0.7862 rasp_s=0.0273 grad_preclip=34.45
[E07] batch=100/153 pseudo=3 loss=7.4373 seg=0.7887 semseg=0.8812 mard=2.0979 lambda=0.037305 conf=0.8730 rasp_s=0.0273 grad_preclip=170.36
[E07] batch=120/153 pseudo=3 loss=9.5304 seg=0.7532 semseg=0.7723 mard=2.0343 lambda=0.034572 conf=0.8457 rasp_s=0.0273 grad_preclip=349.53
[E07] batch=140/153 pseudo=3 loss=6.1781 seg=1.0265 semseg=0.5159 mard=2.1250 lambda=0.039627 conf=0.8963 rasp_s=0.0273 grad_preclip=357.96
[E07] batch=153/153 pseudo=3 loss=7.2789 seg=0.9335 semseg=0.3609 mard=2.0666 lambda=0.035303 conf=0.8530 rasp_s=0.0273 grad_preclip=136.57

[Epoch 07] DONE time=31.8s valid=153 skipped=0 pseudo=535 conf=0.8144 loss=7.8986 seg=0.7595 mard=2.0703 RASP(status=recovery_interval, s=0.0273, new_packs=0, knee=0/0, saved_macs=0.0391)
[E08] batch=001/153 pseudo=5 loss=7.0475 seg=0.5458 semseg=0.1665 mard=2.0324 lambda=0.030704 conf=0.8070 rasp_s=0.0273 grad_preclip=32.71
[E08] batch=020/153 pseudo=4 loss=5.5748 seg=0.4402 semseg=0.1994 mard=2.0473 lambda=0.039487 conf=0.8949 rasp_s=0.0273 grad_preclip=71.09
[E08] batch=040/153 pseudo=4 loss=7.2918 seg=0.4760 semseg=0.2240 mard=2.0131 lambda=0.029817 conf=0.7982 rasp_s=0.0273 grad_preclip=56.77
[E08] batch=060/153 pseudo=4 loss=12.3119 seg=0.7999 semseg=1.4353 mard=2.0960 lambda=0.015685 conf=0.6569 rasp_s=0.0273 grad_preclip=658.95
[E08] batch=080/153 pseudo=3 loss=4.3020 seg=0.6163 semseg=0.2108 mard=2.1503 lambda=0.025449 conf=0.7545 rasp_s=0.0273 grad_preclip=30.38
[E08] batch=100/153 pseudo=2 loss=5.3540 seg=1.4206 semseg=0.3094 mard=2.0481 lambda=0.036603 conf=0.8660 rasp_s=0.0273 grad_preclip=121.19
[E08] batch=120/153 pseudo=4 loss=4.9724 seg=0.3313 semseg=0.1661 mard=2.0715 lambda=0.034057 conf=0.8406 rasp_s=0.0273 grad_preclip=38.01
[E08] batch=140/153 pseudo=4 loss=9.7731 seg=0.4309 semseg=0.5381 mard=2.0344 lambda=0.025368 conf=0.7537 rasp_s=0.0273 grad_preclip=175.99
[E08] batch=153/153 pseudo=3 loss=17.2009 seg=2.0989 semseg=1.8963 mard=2.0095 lambda=0.031682 conf=0.8168 rasp_s=0.0273 grad_preclip=126.73

[Epoch 08] DONE time=31.6s valid=152 skipped=1 pseudo=539 conf=0.8146 loss=7.5211 seg=0.6746 mard=2.0651 RASP(status=recovery_interval, s=0.0273, new_packs=0, knee=0/0, saved_macs=0.0391)
[E09] batch=001/153 pseudo=3 loss=9.4040 seg=0.5057 semseg=1.0147 mard=2.0388 lambda=0.029642 conf=0.7964 rasp_s=0.0273 grad_preclip=297.96
[E09] batch=020/153 pseudo=3 loss=3.3059 seg=0.2986 semseg=0.2017 mard=2.0274 lambda=0.039102 conf=0.8910 rasp_s=0.0273 grad_preclip=52.33
[E09] batch=040/153 pseudo=4 loss=4.8117 seg=0.3811 semseg=0.1266 mard=2.0514 lambda=0.036829 conf=0.8683 rasp_s=0.0273 grad_preclip=37.15
[E09] batch=060/153 pseudo=5 loss=8.9480 seg=0.6641 semseg=0.4373 mard=2.0438 lambda=0.027710 conf=0.7771 rasp_s=0.0273 grad_preclip=79.79
[E09] batch=080/153 pseudo=4 loss=7.4128 seg=0.4575 semseg=0.5617 mard=2.0628 lambda=0.022120 conf=0.7212 rasp_s=0.0273 grad_preclip=324.97
[E09] batch=100/153 pseudo=4 loss=4.2746 seg=0.3239 semseg=0.1157 mard=2.1049 lambda=0.040207 conf=0.9021 rasp_s=0.0273 grad_preclip=29.75
[E09] batch=120/153 pseudo=4 loss=4.0406 seg=0.5284 semseg=0.2088 mard=2.0931 lambda=0.038466 conf=0.8847 rasp_s=0.0273 grad_preclip=33.89
[E09] batch=140/153 pseudo=5 loss=10.5075 seg=1.0052 semseg=0.6037 mard=2.0727 lambda=0.031678 conf=0.8168 rasp_s=0.0273 grad_preclip=159.06
[E09] batch=153/153 pseudo=5 loss=6.8949 seg=0.4474 semseg=0.3009 mard=2.1021 lambda=0.027269 conf=0.7727 rasp_s=0.0273 grad_preclip=66.57

[Epoch 09] DONE time=31.9s valid=153 skipped=0 pseudo=538 conf=0.8111 loss=7.1999 seg=0.6454 mard=2.0683 RASP(status=pruned, s=0.0545, new_packs=3, knee=3/7, saved_macs=0.0625)
[E10] batch=001/153 pseudo=1 loss=0.6450 seg=0.1855 semseg=0.1080 mard=2.0547 lambda=0.042486 conf=0.9249 rasp_s=0.0545 grad_preclip=8.55
[E10] batch=020/153 pseudo=3 loss=4.3873 seg=0.3505 semseg=0.3644 mard=2.0938 lambda=0.030953 conf=0.8095 rasp_s=0.0545 grad_preclip=97.33
[E10] batch=040/153 pseudo=5 loss=11.8773 seg=0.5222 semseg=0.5380 mard=2.0560 lambda=0.020909 conf=0.7091 rasp_s=0.0545 grad_preclip=134.30
[E10] batch=060/153 pseudo=4 loss=9.9189 seg=0.7953 semseg=0.4603 mard=2.0211 lambda=0.024976 conf=0.7498 rasp_s=0.0545 grad_preclip=46.21
[E10] batch=080/153 pseudo=3 loss=3.0351 seg=0.2003 semseg=0.1287 mard=2.0526 lambda=0.041220 conf=0.9122 rasp_s=0.0545 grad_preclip=20.98
[E10] batch=100/153 pseudo=3 loss=5.9017 seg=0.5413 semseg=0.4423 mard=2.0470 lambda=0.028947 conf=0.7895 rasp_s=0.0545 grad_preclip=45.70
[E10] batch=120/153 pseudo=3 loss=13.0662 seg=1.8131 semseg=0.9469 mard=2.0950 lambda=0.034320 conf=0.8432 rasp_s=0.0545 grad_preclip=216.26
[E10] batch=140/153 pseudo=4 loss=3.2814 seg=0.2890 semseg=0.1105 mard=2.0889 lambda=0.042687 conf=0.9269 rasp_s=0.0545 grad_preclip=28.39
[E10] batch=153/153 pseudo=3 loss=4.8595 seg=0.7271 semseg=0.2424 mard=2.0680 lambda=0.039459 conf=0.8946 rasp_s=0.0545 grad_preclip=61.57

[Epoch 10] DONE time=31.8s valid=153 skipped=0 pseudo=533 conf=0.8135 loss=6.6276 seg=0.6052 mard=2.0703 RASP(status=recovery_interval, s=0.0545, new_packs=0, knee=0/0, saved_macs=0.0625)
[SAVE] /home/dang/MedRT-SFOD/runs/seg/rasp_sfseg/cvc_rasp_60ep/checkpoints/yolo26s_rasp_sfseg_latent_epoch_10.pt
[SAVE] /home/dang/MedRT-SFOD/runs/seg/rasp_sfseg/cvc_rasp_60ep/checkpoints/rasp_sfseg_state_epoch_10.pt
[E11] batch=001/153 pseudo=2 loss=1.7501 seg=0.2755 semseg=0.0823 mard=2.0934 lambda=0.035606 conf=0.8561 rasp_s=0.0545 grad_preclip=21.12
[E11] batch=020/153 pseudo=3 loss=3.4182 seg=0.3140 semseg=0.1058 mard=2.0725 lambda=0.033055 conf=0.8305 rasp_s=0.0545 grad_preclip=26.21
[E11] batch=040/153 pseudo=4 loss=5.6160 seg=0.4152 semseg=0.1558 mard=2.0187 lambda=0.012155 conf=0.6216 rasp_s=0.0545 grad_preclip=52.68
[E11] batch=060/153 pseudo=2 loss=2.2937 seg=0.2697 semseg=0.0814 mard=2.0350 lambda=0.021464 conf=0.7146 rasp_s=0.0545 grad_preclip=36.92
[E11] batch=080/153 pseudo=3 loss=3.7270 seg=0.4316 semseg=0.1528 mard=2.1279 lambda=0.039752 conf=0.8975 rasp_s=0.0545 grad_preclip=35.44
[E11] batch=100/153 pseudo=4 loss=7.2915 seg=0.4522 semseg=0.2667 mard=2.0923 lambda=0.034741 conf=0.8474 rasp_s=0.0545 grad_preclip=49.80
[E11] batch=120/153 pseudo=4 loss=18.4146 seg=0.7612 semseg=2.1942 mard=2.0869 lambda=0.025540 conf=0.7554 rasp_s=0.0545 grad_preclip=426.11
[E11] batch=140/153 pseudo=4 loss=6.5252 seg=0.5249 semseg=0.1733 mard=2.1229 lambda=0.038897 conf=0.8890 rasp_s=0.0545 grad_preclip=116.79
[E11] batch=153/153 pseudo=4 loss=5.6067 seg=0.4655 semseg=0.2922 mard=2.0644 lambda=0.031251 conf=0.8125 rasp_s=0.0545 grad_preclip=43.47

[Epoch 11] DONE time=31.7s valid=153 skipped=0 pseudo=541 conf=0.8076 loss=7.2721 seg=0.6586 mard=2.0715 RASP(status=recovery_interval, s=0.0545, new_packs=0, knee=0/0, saved_macs=0.0625)
[E12] batch=001/153 pseudo=4 loss=5.1041 seg=0.4459 semseg=0.1722 mard=2.0192 lambda=0.036465 conf=0.8646 rasp_s=0.0545 grad_preclip=42.73
[E12] batch=020/153 pseudo=4 loss=3.6433 seg=0.3272 semseg=0.0866 mard=2.0293 lambda=0.033438 conf=0.8344 rasp_s=0.0545 grad_preclip=103.67
[E12] batch=040/153 pseudo=4 loss=18.3762 seg=1.4305 semseg=1.4951 mard=2.0503 lambda=0.025229 conf=0.7523 rasp_s=0.0545 grad_preclip=261.49
[E12] batch=060/153 pseudo=3 loss=2.3479 seg=0.2178 semseg=0.0999 mard=2.1731 lambda=0.035899 conf=0.8590 rasp_s=0.0545 grad_preclip=19.35
[E12] batch=080/153 pseudo=3 loss=3.5710 seg=0.3240 semseg=0.2173 mard=2.0963 lambda=0.013523 conf=0.6352 rasp_s=0.0545 grad_preclip=22.33
[E12] batch=100/153 pseudo=5 loss=8.8143 seg=0.5588 semseg=0.5395 mard=2.0482 lambda=0.020456 conf=0.7046 rasp_s=0.0545 grad_preclip=310.06
[E12] batch=120/153 pseudo=3 loss=5.5481 seg=0.3814 semseg=0.1432 mard=2.0364 lambda=0.018979 conf=0.6898 rasp_s=0.0545 grad_preclip=34.12
[E12] batch=140/153 pseudo=4 loss=3.4512 seg=0.2820 semseg=0.1197 mard=2.0542 lambda=0.030611 conf=0.8061 rasp_s=0.0545 grad_preclip=43.61
[E12] batch=153/153 pseudo=4 loss=3.0278 seg=0.2068 semseg=0.0759 mard=2.0470 lambda=0.035767 conf=0.8577 rasp_s=0.0545 grad_preclip=23.92

[Epoch 12] DONE time=32.2s valid=153 skipped=0 pseudo=540 conf=0.8102 loss=6.9392 seg=0.6071 mard=2.0725 RASP(status=pruned, s=0.0818, new_packs=3, knee=3/8, saved_macs=0.0859)
[E13] batch=001/153 pseudo=5 loss=7.2923 seg=0.6609 semseg=0.5312 mard=2.1452 lambda=0.034468 conf=0.8447 rasp_s=0.0818 grad_preclip=190.78
[E13] batch=020/153 pseudo=4 loss=6.8846 seg=0.5067 semseg=0.2326 mard=2.0751 lambda=0.029273 conf=0.7927 rasp_s=0.0818 grad_preclip=42.14
[E13] batch=040/153 pseudo=3 loss=4.6361 seg=0.2616 semseg=0.3360 mard=2.0851 lambda=0.022821 conf=0.7282 rasp_s=0.0818 grad_preclip=34.49
[E13] batch=060/153 pseudo=4 loss=6.2052 seg=0.3253 semseg=0.5060 mard=2.1022 lambda=0.038299 conf=0.8830 rasp_s=0.0818 grad_preclip=230.16
[E13] batch=080/153 pseudo=4 loss=7.5714 seg=0.4056 semseg=0.2827 mard=2.0447 lambda=0.026266 conf=0.7627 rasp_s=0.0818 grad_preclip=147.99
[E13] batch=100/153 pseudo=2 loss=1.8216 seg=0.4489 semseg=0.1337 mard=2.1607 lambda=0.044120 conf=0.9412 rasp_s=0.0818 grad_preclip=26.13
[E13] batch=120/153 pseudo=4 loss=8.1989 seg=0.6472 semseg=0.2408 mard=2.0802 lambda=0.027737 conf=0.7774 rasp_s=0.0818 grad_preclip=88.59
[E13] batch=140/153 pseudo=4 loss=3.6822 seg=0.2907 semseg=0.1350 mard=2.0121 lambda=0.038312 conf=0.8831 rasp_s=0.0818 grad_preclip=60.44
[E13] batch=153/153 pseudo=2 loss=2.1584 seg=0.3654 semseg=0.1322 mard=2.1992 lambda=0.034136 conf=0.8414 rasp_s=0.0818 grad_preclip=18.34

[Epoch 13] DONE time=31.7s valid=153 skipped=0 pseudo=537 conf=0.8155 loss=6.6234 seg=0.5829 mard=2.0815 RASP(status=recovery_interval, s=0.0818, new_packs=0, knee=0/0, saved_macs=0.0859)
[E14] batch=001/153 pseudo=4 loss=4.9561 seg=0.2371 semseg=0.1226 mard=2.0448 lambda=0.030148 conf=0.8015 rasp_s=0.0818 grad_preclip=34.72
[E14] batch=020/153 pseudo=3 loss=5.2251 seg=0.5458 semseg=0.3765 mard=2.0489 lambda=0.036902 conf=0.8690 rasp_s=0.0818 grad_preclip=37.05
[E14] batch=040/153 pseudo=3 loss=3.1391 seg=0.3604 semseg=0.1478 mard=2.1200 lambda=0.041317 conf=0.9132 rasp_s=0.0818 grad_preclip=33.36
[E14] batch=060/153 pseudo=3 loss=3.5946 seg=0.3438 semseg=0.1271 mard=2.0587 lambda=0.036170 conf=0.8617 rasp_s=0.0818 grad_preclip=20.88
[E14] batch=080/153 pseudo=3 loss=14.8620 seg=1.0176 semseg=2.4194 mard=2.1243 lambda=0.014635 conf=0.6463 rasp_s=0.0818 grad_preclip=197.19
[E14] batch=100/153 pseudo=4 loss=17.3177 seg=0.8864 semseg=0.7986 mard=2.0262 lambda=0.032403 conf=0.8240 rasp_s=0.0818 grad_preclip=98.39
[E14] batch=120/153 pseudo=4 loss=4.6980 seg=0.3465 semseg=0.1578 mard=2.1433 lambda=0.030198 conf=0.8020 rasp_s=0.0818 grad_preclip=77.56
[E14] batch=140/153 pseudo=2 loss=7.0723 seg=0.5976 semseg=0.9534 mard=2.1129 lambda=0.036577 conf=0.8658 rasp_s=0.0818 grad_preclip=170.77
[E14] batch=153/153 pseudo=2 loss=8.2017 seg=0.4486 semseg=2.0621 mard=2.0827 lambda=0.031312 conf=0.8131 rasp_s=0.0818 grad_preclip=129.93

[Epoch 14] DONE time=31.5s valid=153 skipped=0 pseudo=525 conf=0.8224 loss=6.5172 seg=0.5894 mard=2.0735 RASP(status=recovery_interval, s=0.0818, new_packs=0, knee=0/0, saved_macs=0.0859)
[E15] batch=001/153 pseudo=4 loss=12.5134 seg=1.1662 semseg=0.8555 mard=2.0286 lambda=0.028428 conf=0.7843 rasp_s=0.0818 grad_preclip=163.70
[E15] batch=020/153 pseudo=3 loss=2.8678 seg=0.3191 semseg=0.1188 mard=2.0763 lambda=0.035930 conf=0.8593 rasp_s=0.0818 grad_preclip=41.91
[E15] batch=040/153 pseudo=4 loss=6.1706 seg=0.4495 semseg=0.1928 mard=2.0373 lambda=0.033784 conf=0.8378 rasp_s=0.0818 grad_preclip=65.33
[E15] batch=060/153 pseudo=3 loss=2.3242 seg=0.2380 semseg=0.0927 mard=2.1389 lambda=0.042899 conf=0.9290 rasp_s=0.0818 grad_preclip=19.27
[E15] batch=080/153 pseudo=3 loss=13.2138 seg=1.7082 semseg=0.9363 mard=2.0563 lambda=0.024656 conf=0.7466 rasp_s=0.0818 grad_preclip=155.01
[E15] batch=100/153 pseudo=3 loss=3.1643 seg=0.4267 semseg=0.1149 mard=2.0915 lambda=0.039360 conf=0.8936 rasp_s=0.0818 grad_preclip=25.83
[E15] batch=120/153 pseudo=4 loss=5.1876 seg=0.3025 semseg=0.1533 mard=2.0356 lambda=0.026614 conf=0.7661 rasp_s=0.0818 grad_preclip=28.10
[E15] batch=140/153 pseudo=4 loss=5.9472 seg=0.4862 semseg=0.3201 mard=2.0788 lambda=0.026540 conf=0.7654 rasp_s=0.0818 grad_preclip=152.89
[E15] batch=153/153 pseudo=5 loss=6.7248 seg=0.7333 semseg=0.3757 mard=2.0310 lambda=0.036611 conf=0.8661 rasp_s=0.0818 grad_preclip=96.28

[Epoch 15] DONE time=32.2s valid=153 skipped=0 pseudo=533 conf=0.8127 loss=7.0385 seg=0.6621 mard=2.0757 RASP(status=pruned, s=0.1000, new_packs=2, knee=2/5, saved_macs=0.1016)
[E16] batch=001/153 pseudo=3 loss=2.9847 seg=0.2631 semseg=0.0810 mard=2.0591 lambda=0.035956 conf=0.8596 rasp_s=0.1000 grad_preclip=38.52
[E16] batch=020/153 pseudo=4 loss=4.4547 seg=0.2584 semseg=0.2609 mard=2.0634 lambda=0.034727 conf=0.8473 rasp_s=0.1000 grad_preclip=63.93
[E16] batch=040/153 pseudo=4 loss=4.7377 seg=0.3179 semseg=0.1797 mard=2.1604 lambda=0.033270 conf=0.8327 rasp_s=0.1000 grad_preclip=37.54
[E16] batch=060/153 pseudo=5 loss=4.5453 seg=0.2747 semseg=0.2254 mard=2.1095 lambda=0.032758 conf=0.8276 rasp_s=0.1000 grad_preclip=73.96
[E16] batch=080/153 pseudo=3 loss=3.6171 seg=0.3499 semseg=0.1018 mard=2.0801 lambda=0.036209 conf=0.8621 rasp_s=0.1000 grad_preclip=30.02
[E16] batch=100/153 pseudo=4 loss=12.7453 seg=0.9873 semseg=1.3202 mard=2.0771 lambda=0.020497 conf=0.7050 rasp_s=0.1000 grad_preclip=165.88
[E16] batch=120/153 pseudo=4 loss=4.9405 seg=0.3408 semseg=0.1914 mard=2.0411 lambda=0.025559 conf=0.7556 rasp_s=0.1000 grad_preclip=43.68
[E16] batch=140/153 pseudo=4 loss=5.6946 seg=0.7075 semseg=0.2439 mard=2.1006 lambda=0.025407 conf=0.7541 rasp_s=0.1000 grad_preclip=32.96
[E16] batch=153/153 pseudo=3 loss=16.2275 seg=0.8222 semseg=3.4232 mard=2.1261 lambda=0.031726 conf=0.8173 rasp_s=0.1000 grad_preclip=297.21

[Epoch 16] DONE time=31.7s valid=153 skipped=0 pseudo=538 conf=0.8102 loss=6.6431 seg=0.5551 mard=2.0742 RASP(status=recovery_interval, s=0.1000, new_packs=0, knee=0/0, saved_macs=0.1016)
[E17] batch=001/153 pseudo=4 loss=3.4447 seg=0.2590 semseg=0.1032 mard=2.1133 lambda=0.042079 conf=0.9208 rasp_s=0.1000 grad_preclip=34.80
[E17] batch=020/153 pseudo=4 loss=7.2935 seg=0.6315 semseg=0.3237 mard=2.0673 lambda=0.028455 conf=0.7846 rasp_s=0.1000 grad_preclip=57.28
[E17] batch=040/153 pseudo=5 loss=4.4065 seg=0.2835 semseg=0.1606 mard=2.0741 lambda=0.030546 conf=0.8055 rasp_s=0.1000 grad_preclip=24.00
[E17] batch=060/153 pseudo=4 loss=12.6537 seg=1.3515 semseg=0.4552 mard=2.0554 lambda=0.026410 conf=0.7641 rasp_s=0.1000 grad_preclip=302.04
[E17] batch=080/153 pseudo=4 loss=6.4379 seg=0.4099 semseg=0.2851 mard=2.0234 lambda=0.030291 conf=0.8029 rasp_s=0.1000 grad_preclip=225.20
[E17] batch=100/153 pseudo=4 loss=4.6011 seg=0.4229 semseg=0.1437 mard=2.0550 lambda=0.038546 conf=0.8855 rasp_s=0.1000 grad_preclip=30.10
[E17] batch=120/153 pseudo=3 loss=2.3824 seg=0.2781 semseg=0.1169 mard=2.1758 lambda=0.041809 conf=0.9181 rasp_s=0.1000 grad_preclip=22.30
[E17] batch=140/153 pseudo=4 loss=9.8993 seg=0.5889 semseg=0.7132 mard=2.0683 lambda=0.025696 conf=0.7570 rasp_s=0.1000 grad_preclip=320.52
[E17] batch=153/153 pseudo=3 loss=3.4362 seg=0.2992 semseg=0.1443 mard=2.0908 lambda=0.033601 conf=0.8360 rasp_s=0.1000 grad_preclip=23.96

[Epoch 17] DONE time=31.5s valid=152 skipped=1 pseudo=528 conf=0.8183 loss=6.0278 seg=0.5564 mard=2.0754 RASP(status=recovery_interval, s=0.1000, new_packs=0, knee=0/0, saved_macs=0.1016)
[E18] batch=001/153 pseudo=2 loss=2.6838 seg=0.2687 semseg=0.3990 mard=2.1789 lambda=0.035016 conf=0.8502 rasp_s=0.1000 grad_preclip=73.63
[E18] batch=020/153 pseudo=4 loss=2.4663 seg=0.2418 semseg=0.0829 mard=2.0645 lambda=0.035875 conf=0.8587 rasp_s=0.1000 grad_preclip=23.78
[E18] batch=040/153 pseudo=4 loss=4.8271 seg=0.4054 semseg=0.1574 mard=2.0668 lambda=0.040916 conf=0.9092 rasp_s=0.1000 grad_preclip=59.05
[E18] batch=060/153 pseudo=3 loss=3.0467 seg=0.2770 semseg=0.1340 mard=2.0616 lambda=0.039162 conf=0.8916 rasp_s=0.1000 grad_preclip=35.47
[E18] batch=080/153 pseudo=2 loss=2.7263 seg=0.2842 semseg=0.1787 mard=2.0753 lambda=0.032687 conf=0.8269 rasp_s=0.1000 grad_preclip=21.71
[E18] batch=100/153 pseudo=3 loss=3.9402 seg=0.2850 semseg=0.1558 mard=2.1225 lambda=0.035505 conf=0.8551 rasp_s=0.1000 grad_preclip=20.53
[E18] batch=120/153 pseudo=3 loss=8.3523 seg=0.5499 semseg=0.8168 mard=2.1167 lambda=0.037067 conf=0.8707 rasp_s=0.1000 grad_preclip=75.97
[E18] batch=140/153 pseudo=3 loss=6.8583 seg=0.7586 semseg=0.4176 mard=2.0224 lambda=0.037943 conf=0.8794 rasp_s=0.1000 grad_preclip=67.83
[E18] batch=153/153 pseudo=3 loss=6.1266 seg=0.9183 semseg=0.3534 mard=2.0367 lambda=0.039690 conf=0.8969 rasp_s=0.1000 grad_preclip=62.49

[Epoch 18] DONE time=32.1s valid=153 skipped=0 pseudo=530 conf=0.8140 loss=6.8513 seg=0.6843 mard=2.0765 RASP(status=pruned, s=0.1182, new_packs=2, knee=2/3, saved_macs=0.1172)
[E19] batch=001/153 pseudo=4 loss=7.3290 seg=0.5366 semseg=0.3386 mard=2.0984 lambda=0.026359 conf=0.7636 rasp_s=0.1182 grad_preclip=143.00
[E19] batch=020/153 pseudo=4 loss=8.7038 seg=0.7218 semseg=0.3180 mard=2.0672 lambda=0.027051 conf=0.7705 rasp_s=0.1182 grad_preclip=155.00
[E19] batch=040/153 pseudo=4 loss=5.3414 seg=0.3717 semseg=0.2607 mard=2.0451 lambda=0.040242 conf=0.9024 rasp_s=0.1182 grad_preclip=79.75
[E19] batch=060/153 pseudo=4 loss=11.0880 seg=0.5655 semseg=0.6152 mard=2.1061 lambda=0.030400 conf=0.8040 rasp_s=0.1182 grad_preclip=100.95
[E19] batch=080/153 pseudo=3 loss=9.3826 seg=0.8897 semseg=0.8441 mard=2.0425 lambda=0.026237 conf=0.7624 rasp_s=0.1182 grad_preclip=245.24
[E19] batch=100/153 pseudo=5 loss=7.2549 seg=0.4547 semseg=0.3604 mard=2.0639 lambda=0.026719 conf=0.7672 rasp_s=0.1182 grad_preclip=142.15
[E19] batch=120/153 pseudo=3 loss=3.9985 seg=0.4503 semseg=0.1873 mard=2.0750 lambda=0.035646 conf=0.8565 rasp_s=0.1182 grad_preclip=29.70
[E19] batch=140/153 pseudo=4 loss=18.0457 seg=0.8612 semseg=2.0570 mard=2.0906 lambda=0.032551 conf=0.8255 rasp_s=0.1182 grad_preclip=114.60
[E19] batch=153/153 pseudo=4 loss=4.8767 seg=0.5616 semseg=0.1480 mard=2.0752 lambda=0.028873 conf=0.7887 rasp_s=0.1182 grad_preclip=54.47

[Epoch 19] DONE time=31.5s valid=153 skipped=0 pseudo=527 conf=0.8127 loss=6.2834 seg=0.5505 mard=2.0814 RASP(status=recovery_interval, s=0.1182, new_packs=0, knee=0/0, saved_macs=0.1172)
[E20] batch=001/153 pseudo=4 loss=6.2527 seg=0.6776 semseg=0.2276 mard=2.1245 lambda=0.033117 conf=0.8312 rasp_s=0.1182 grad_preclip=36.95
[E20] batch=020/153 pseudo=5 loss=21.5481 seg=2.2442 semseg=1.0629 mard=2.1695 lambda=0.017059 conf=0.6706 rasp_s=0.1182 grad_preclip=96.08
[E20] batch=040/153 pseudo=4 loss=7.5047 seg=0.6356 semseg=0.3295 mard=2.0907 lambda=0.027441 conf=0.7744 rasp_s=0.1182 grad_preclip=89.89
[E20] batch=060/153 pseudo=5 loss=6.9281 seg=0.4799 semseg=0.1361 mard=2.0358 lambda=0.030543 conf=0.8054 rasp_s=0.1182 grad_preclip=44.27
[E20] batch=080/153 pseudo=4 loss=5.1282 seg=0.4884 semseg=0.2074 mard=2.0902 lambda=0.035144 conf=0.8514 rasp_s=0.1182 grad_preclip=34.90
[E20] batch=100/153 pseudo=4 loss=4.2974 seg=0.2375 semseg=0.0881 mard=2.0698 lambda=0.034246 conf=0.8425 rasp_s=0.1182 grad_preclip=35.88
[E20] batch=120/153 pseudo=2 loss=2.8595 seg=0.5319 semseg=0.1862 mard=2.1294 lambda=0.033589 conf=0.8359 rasp_s=0.1182 grad_preclip=20.60
[E20] batch=140/153 pseudo=4 loss=5.8134 seg=0.4444 semseg=0.2988 mard=2.0349 lambda=0.036069 conf=0.8607 rasp_s=0.1182 grad_preclip=40.01
[E20] batch=153/153 pseudo=2 loss=6.5758 seg=1.2857 semseg=0.6299 mard=2.0344 lambda=0.014243 conf=0.6424 rasp_s=0.1182 grad_preclip=74.23

[Epoch 20] DONE time=31.6s valid=153 skipped=0 pseudo=538 conf=0.8139 loss=6.6528 seg=0.5883 mard=2.0731 RASP(status=recovery_interval, s=0.1182, new_packs=0, knee=0/0, saved_macs=0.1172)
[SAVE] /home/dang/MedRT-SFOD/runs/seg/rasp_sfseg/cvc_rasp_60ep/checkpoints/yolo26s_rasp_sfseg_latent_epoch_20.pt
[SAVE] /home/dang/MedRT-SFOD/runs/seg/rasp_sfseg/cvc_rasp_60ep/checkpoints/rasp_sfseg_state_epoch_20.pt
[E21] batch=001/153 pseudo=2 loss=9.3632 seg=0.6689 semseg=1.5488 mard=2.0816 lambda=0.011692 conf=0.6169 rasp_s=0.1182 grad_preclip=131.50
[E21] batch=020/153 pseudo=3 loss=8.7557 seg=1.5153 semseg=0.2884 mard=2.0506 lambda=0.024068 conf=0.7407 rasp_s=0.1182 grad_preclip=104.80
[E21] batch=040/153 pseudo=3 loss=3.1947 seg=0.2822 semseg=0.1048 mard=2.1063 lambda=0.037943 conf=0.8794 rasp_s=0.1182 grad_preclip=16.59
[E21] batch=060/153 pseudo=4 loss=10.2968 seg=0.8769 semseg=0.4709 mard=2.0598 lambda=0.027646 conf=0.7765 rasp_s=0.1182 grad_preclip=76.90
[E21] batch=080/153 pseudo=3 loss=2.8333 seg=0.3725 semseg=0.1342 mard=2.1043 lambda=0.039372 conf=0.8937 rasp_s=0.1182 grad_preclip=27.38
[E21] batch=100/153 pseudo=3 loss=2.4808 seg=0.1861 semseg=0.0833 mard=2.0652 lambda=0.037124 conf=0.8712 rasp_s=0.1182 grad_preclip=23.68
[E21] batch=120/153 pseudo=3 loss=3.8879 seg=0.3804 semseg=0.1695 mard=2.0838 lambda=0.036699 conf=0.8670 rasp_s=0.1182 grad_preclip=36.88
[E21] batch=140/153 pseudo=4 loss=5.6691 seg=0.3156 semseg=0.1338 mard=2.0697 lambda=0.030145 conf=0.8014 rasp_s=0.1182 grad_preclip=27.33
[E21] batch=153/153 pseudo=3 loss=4.1550 seg=0.4030 semseg=0.1603 mard=2.0828 lambda=0.026752 conf=0.7675 rasp_s=0.1182 grad_preclip=61.57

[Epoch 21] DONE time=32.1s valid=153 skipped=0 pseudo=538 conf=0.8156 loss=7.0307 seg=0.6387 mard=2.0771 RASP(status=no_safe_knee, s=0.1182, new_packs=0, knee=0/1, saved_macs=0.1172)
[E22] batch=001/153 pseudo=3 loss=4.8373 seg=0.4439 semseg=0.1677 mard=2.1039 lambda=0.033883 conf=0.8388 rasp_s=0.1182 grad_preclip=44.33
[E22] batch=020/153 pseudo=3 loss=3.2099 seg=0.3383 semseg=0.1397 mard=2.1105 lambda=0.036780 conf=0.8678 rasp_s=0.1182 grad_preclip=21.35
[E22] batch=040/153 pseudo=4 loss=3.0321 seg=0.2387 semseg=0.0792 mard=2.1373 lambda=0.041826 conf=0.9183 rasp_s=0.1182 grad_preclip=27.94
[E22] batch=060/153 pseudo=4 loss=4.8942 seg=0.3388 semseg=0.2191 mard=2.1133 lambda=0.030943 conf=0.8094 rasp_s=0.1182 grad_preclip=29.21
[E22] batch=080/153 pseudo=5 loss=7.2049 seg=0.6092 semseg=0.1763 mard=2.0797 lambda=0.028183 conf=0.7818 rasp_s=0.1182 grad_preclip=64.38
[E22] batch=100/153 pseudo=4 loss=4.8908 seg=0.3675 semseg=0.1382 mard=2.1416 lambda=0.034539 conf=0.8454 rasp_s=0.1182 grad_preclip=39.03
[E22] batch=120/153 pseudo=4 loss=4.7344 seg=0.4057 semseg=0.1198 mard=2.0612 lambda=0.037138 conf=0.8714 rasp_s=0.1182 grad_preclip=30.39
[E22] batch=140/153 pseudo=2 loss=3.7791 seg=0.8998 semseg=0.2400 mard=2.0762 lambda=0.035579 conf=0.8558 rasp_s=0.1182 grad_preclip=84.57
[E22] batch=153/153 pseudo=3 loss=17.2130 seg=0.8824 semseg=3.2111 mard=2.1353 lambda=0.014441 conf=0.6444 rasp_s=0.1182 grad_preclip=147.77

[Epoch 22] DONE time=32.0s valid=153 skipped=0 pseudo=532 conf=0.8196 loss=6.4430 seg=0.5877 mard=2.0801 RASP(status=no_safe_knee, s=0.1182, new_packs=0, knee=0/1, saved_macs=0.1172)
[E23] batch=001/153 pseudo=4 loss=8.0580 seg=0.6563 semseg=0.4266 mard=2.0139 lambda=0.028603 conf=0.7860 rasp_s=0.1182 grad_preclip=144.38
[E23] batch=020/153 pseudo=2 loss=1.7522 seg=0.2487 semseg=0.1046 mard=2.0860 lambda=0.035598 conf=0.8560 rasp_s=0.1182 grad_preclip=15.55
[E23] batch=040/153 pseudo=4 loss=9.3643 seg=0.9143 semseg=0.3406 mard=2.0479 lambda=0.031649 conf=0.8165 rasp_s=0.1182 grad_preclip=78.85
[E23] batch=060/153 pseudo=4 loss=4.8048 seg=0.4720 semseg=0.2230 mard=2.0834 lambda=0.037797 conf=0.8780 rasp_s=0.1182 grad_preclip=44.98
[E23] batch=080/153 pseudo=4 loss=6.7902 seg=0.4070 semseg=0.2695 mard=2.1103 lambda=0.017414 conf=0.6741 rasp_s=0.1182 grad_preclip=32.36
[E23] batch=100/153 pseudo=4 loss=5.6309 seg=0.3980 semseg=0.2579 mard=2.0686 lambda=0.032420 conf=0.8242 rasp_s=0.1182 grad_preclip=89.50
[E23] batch=120/153 pseudo=4 loss=6.3901 seg=0.5819 semseg=0.1966 mard=2.0563 lambda=0.041571 conf=0.9157 rasp_s=0.1182 grad_preclip=90.07
[E23] batch=140/153 pseudo=4 loss=7.9066 seg=0.3958 semseg=0.7376 mard=2.0502 lambda=0.031967 conf=0.8197 rasp_s=0.1182 grad_preclip=100.11
[E23] batch=153/153 pseudo=3 loss=4.7891 seg=0.5478 semseg=0.2083 mard=2.0772 lambda=0.033624 conf=0.8362 rasp_s=0.1182 grad_preclip=26.86

[Epoch 23] DONE time=31.8s valid=153 skipped=0 pseudo=537 conf=0.8125 loss=6.3707 seg=0.5395 mard=2.0721 RASP(status=no_safe_knee, s=0.1182, new_packs=0, knee=0/1, saved_macs=0.1172)
[E24] batch=001/153 pseudo=2 loss=4.4622 seg=0.4986 semseg=0.2943 mard=2.0499 lambda=0.021563 conf=0.7156 rasp_s=0.1182 grad_preclip=85.79
[E24] batch=020/153 pseudo=4 loss=5.4285 seg=0.4044 semseg=0.1928 mard=2.0702 lambda=0.030000 conf=0.8000 rasp_s=0.1182 grad_preclip=40.47
[E24] batch=040/153 pseudo=2 loss=6.5630 seg=0.7684 semseg=0.8853 mard=2.0267 lambda=0.031036 conf=0.8104 rasp_s=0.1182 grad_preclip=174.82
[E24] batch=060/153 pseudo=4 loss=4.4237 seg=0.3814 semseg=0.1719 mard=2.0799 lambda=0.038477 conf=0.8848 rasp_s=0.1182 grad_preclip=24.63
[E24] batch=080/153 pseudo=4 loss=4.8588 seg=0.4310 semseg=0.1729 mard=2.0085 lambda=0.030370 conf=0.8037 rasp_s=0.1182 grad_preclip=40.13
[E24] batch=100/153 pseudo=3 loss=4.9522 seg=0.2054 semseg=0.6019 mard=2.1432 lambda=0.035351 conf=0.8535 rasp_s=0.1182 grad_preclip=110.54
[E24] batch=120/153 pseudo=4 loss=3.7676 seg=0.2763 semseg=0.1372 mard=2.0721 lambda=0.040838 conf=0.9084 rasp_s=0.1182 grad_preclip=32.66
[E24] batch=140/153 pseudo=4 loss=3.8749 seg=0.3200 semseg=0.1504 mard=2.0484 lambda=0.039430 conf=0.8943 rasp_s=0.1182 grad_preclip=35.26
[E24] batch=153/153 pseudo=4 loss=4.9986 seg=0.4722 semseg=0.2708 mard=2.1046 lambda=0.036304 conf=0.8630 rasp_s=0.1182 grad_preclip=66.89

[Epoch 24] DONE time=31.9s valid=153 skipped=0 pseudo=534 conf=0.8147 loss=6.5365 seg=0.5701 mard=2.0805 RASP(status=no_safe_knee, s=0.1182, new_packs=0, knee=0/1, saved_macs=0.1172)
[E25] batch=001/153 pseudo=4 loss=7.8002 seg=0.8306 semseg=0.2111 mard=2.0766 lambda=0.032500 conf=0.8250 rasp_s=0.1182 grad_preclip=42.39
[E25] batch=020/153 pseudo=5 loss=5.4645 seg=0.3426 semseg=0.3567 mard=2.0869 lambda=0.037052 conf=0.8705 rasp_s=0.1182 grad_preclip=83.77
[E25] batch=040/153 pseudo=3 loss=4.9283 seg=0.2829 semseg=0.6785 mard=2.0692 lambda=0.035622 conf=0.8562 rasp_s=0.1182 grad_preclip=422.67
[E25] batch=060/153 pseudo=1 loss=2.3487 seg=1.2966 semseg=0.3230 mard=2.0904 lambda=0.036730 conf=0.8673 rasp_s=0.1182 grad_preclip=20.06
[E25] batch=080/153 pseudo=3 loss=4.1425 seg=0.4261 semseg=0.1705 mard=2.1019 lambda=0.032650 conf=0.8265 rasp_s=0.1182 grad_preclip=27.16
[E25] batch=100/153 pseudo=4 loss=5.0025 seg=0.3584 semseg=0.2117 mard=2.1127 lambda=0.029567 conf=0.7957 rasp_s=0.1182 grad_preclip=73.49
[E25] batch=120/153 pseudo=4 loss=4.0444 seg=0.2377 semseg=0.3741 mard=2.1457 lambda=0.035134 conf=0.8513 rasp_s=0.1182 grad_preclip=87.11
[E25] batch=140/153 pseudo=4 loss=4.3295 seg=0.4414 semseg=0.1342 mard=2.0672 lambda=0.040314 conf=0.9031 rasp_s=0.1182 grad_preclip=70.29
[E25] batch=153/153 pseudo=3 loss=6.2243 seg=0.4123 semseg=0.3904 mard=2.0629 lambda=0.028301 conf=0.7830 rasp_s=0.1182 grad_preclip=38.02

[Epoch 25] DONE time=31.9s valid=153 skipped=0 pseudo=538 conf=0.8159 loss=5.9524 seg=0.5358 mard=2.0794 RASP(status=no_safe_knee, s=0.1182, new_packs=0, knee=0/1, saved_macs=0.1172)
[E26] batch=001/153 pseudo=3 loss=2.9535 seg=0.3461 semseg=0.1343 mard=2.0467 lambda=0.036044 conf=0.8604 rasp_s=0.1182 grad_preclip=24.75
[E26] batch=020/153 pseudo=3 loss=3.1843 seg=0.3820 semseg=0.1606 mard=2.0958 lambda=0.042156 conf=0.9216 rasp_s=0.1182 grad_preclip=27.64
[E26] batch=040/153 pseudo=4 loss=7.5880 seg=0.6759 semseg=0.3080 mard=2.0707 lambda=0.031209 conf=0.8121 rasp_s=0.1182 grad_preclip=64.58
[E26] batch=060/153 pseudo=5 loss=5.9164 seg=0.3452 semseg=0.1128 mard=2.1282 lambda=0.029326 conf=0.7933 rasp_s=0.1182 grad_preclip=63.21
[E26] batch=080/153 pseudo=5 loss=6.1394 seg=0.5303 semseg=0.2679 mard=2.1119 lambda=0.022532 conf=0.7253 rasp_s=0.1182 grad_preclip=33.68
[E26] batch=100/153 pseudo=4 loss=3.6001 seg=0.2931 semseg=0.1114 mard=2.0725 lambda=0.039064 conf=0.8906 rasp_s=0.1182 grad_preclip=32.01
[E26] batch=120/153 pseudo=3 loss=7.4565 seg=0.6261 semseg=0.9611 mard=2.1412 lambda=0.031076 conf=0.8108 rasp_s=0.1182 grad_preclip=102.58
[E26] batch=140/153 pseudo=4 loss=4.3268 seg=0.4043 semseg=0.1446 mard=2.0341 lambda=0.027150 conf=0.7715 rasp_s=0.1182 grad_preclip=35.72
[E26] batch=153/153 pseudo=2 loss=5.5676 seg=1.3280 semseg=0.4850 mard=2.1291 lambda=0.032918 conf=0.8292 rasp_s=0.1182 grad_preclip=49.30

[Epoch 26] DONE time=31.8s valid=153 skipped=0 pseudo=525 conf=0.8147 loss=6.3493 seg=0.5533 mard=2.0779 RASP(status=no_safe_knee, s=0.1182, new_packs=0, knee=0/1, saved_macs=0.1172)
[E27] batch=001/153 pseudo=4 loss=11.2321 seg=1.5062 semseg=1.1147 mard=2.0511 lambda=0.022413 conf=0.7241 rasp_s=0.1182 grad_preclip=64.66
[E27] batch=020/153 pseudo=3 loss=3.3293 seg=0.2744 semseg=0.1177 mard=2.0867 lambda=0.042019 conf=0.9202 rasp_s=0.1182 grad_preclip=25.32
[E27] batch=040/153 pseudo=4 loss=4.6854 seg=0.2890 semseg=0.1558 mard=2.0610 lambda=0.031027 conf=0.8103 rasp_s=0.1182 grad_preclip=29.50
[E27] batch=060/153 pseudo=4 loss=5.4864 seg=0.3225 semseg=0.2879 mard=2.0861 lambda=0.033893 conf=0.8389 rasp_s=0.1182 grad_preclip=42.17
[E27] batch=080/153 pseudo=3 loss=7.4218 seg=0.9296 semseg=0.4927 mard=2.1140 lambda=0.031653 conf=0.8165 rasp_s=0.1182 grad_preclip=112.92
[E27] batch=100/153 pseudo=3 loss=3.8812 seg=0.3839 semseg=0.1758 mard=2.1009 lambda=0.032301 conf=0.8230 rasp_s=0.1182 grad_preclip=30.98
[E27] batch=120/153 pseudo=3 loss=5.6082 seg=0.8063 semseg=0.3207 mard=2.0862 lambda=0.023495 conf=0.7350 rasp_s=0.1182 grad_preclip=116.01
[E27] batch=140/153 pseudo=3 loss=29.4788 seg=2.2516 semseg=5.9818 mard=2.0797 lambda=0.018716 conf=0.6872 rasp_s=0.1182 grad_preclip=306.88
[E27] batch=153/153 pseudo=5 loss=8.5356 seg=0.5949 semseg=0.2056 mard=2.0505 lambda=0.019391 conf=0.6939 rasp_s=0.1182 grad_preclip=164.46

[Epoch 27] DONE time=32.0s valid=153 skipped=0 pseudo=538 conf=0.8113 loss=6.1260 seg=0.5219 mard=2.0833 RASP(status=no_safe_knee, s=0.1182, new_packs=0, knee=0/1, saved_macs=0.1172)
[E28] batch=001/153 pseudo=4 loss=10.3475 seg=0.8947 semseg=1.0276 mard=2.0493 lambda=0.035011 conf=0.8501 rasp_s=0.1182 grad_preclip=94.38
[E28] batch=020/153 pseudo=2 loss=5.2412 seg=0.7250 semseg=0.5523 mard=2.0344 lambda=0.022424 conf=0.7242 rasp_s=0.1182 grad_preclip=178.03
[E28] batch=040/153 pseudo=4 loss=6.0677 seg=0.5222 semseg=0.2876 mard=2.1493 lambda=0.036792 conf=0.8679 rasp_s=0.1182 grad_preclip=101.84
[E28] batch=060/153 pseudo=2 loss=1.9365 seg=0.2957 semseg=0.1130 mard=2.0899 lambda=0.019768 conf=0.6977 rasp_s=0.1182 grad_preclip=17.35
[E28] batch=080/153 pseudo=4 loss=16.0297 seg=0.6663 semseg=1.8131 mard=2.0355 lambda=0.020458 conf=0.7046 rasp_s=0.1182 grad_preclip=197.73
[E28] batch=100/153 pseudo=2 loss=3.5667 seg=0.7838 semseg=0.2633 mard=2.1192 lambda=0.035873 conf=0.8587 rasp_s=0.1182 grad_preclip=38.05
[E28] batch=120/153 pseudo=3 loss=1.8192 seg=0.1754 semseg=0.0737 mard=2.0671 lambda=0.041208 conf=0.9121 rasp_s=0.1182 grad_preclip=24.96
[E28] batch=140/153 pseudo=4 loss=4.6512 seg=0.3779 semseg=0.1100 mard=2.0794 lambda=0.035055 conf=0.8506 rasp_s=0.1182 grad_preclip=37.32
[E28] batch=153/153 pseudo=4 loss=11.9921 seg=0.3571 semseg=1.8454 mard=2.0724 lambda=0.031799 conf=0.8180 rasp_s=0.1182 grad_preclip=421.51

[Epoch 28] DONE time=32.2s valid=153 skipped=0 pseudo=531 conf=0.8179 loss=6.3764 seg=0.5522 mard=2.0806 RASP(status=no_safe_knee, s=0.1182, new_packs=0, knee=0/1, saved_macs=0.1172)
[E29] batch=001/153 pseudo=4 loss=2.8256 seg=0.2130 semseg=0.1450 mard=2.0817 lambda=0.038258 conf=0.8826 rasp_s=0.1182 grad_preclip=25.97
[E29] batch=020/153 pseudo=3 loss=3.9540 seg=0.4624 semseg=0.2037 mard=2.0236 lambda=0.035803 conf=0.8580 rasp_s=0.1182 grad_preclip=34.80
[E29] batch=040/153 pseudo=4 loss=4.9976 seg=0.3365 semseg=0.1462 mard=2.0882 lambda=0.028479 conf=0.7848 rasp_s=0.1182 grad_preclip=38.22
[E29] batch=060/153 pseudo=4 loss=3.2903 seg=0.2669 semseg=0.1178 mard=2.0773 lambda=0.032660 conf=0.8266 rasp_s=0.1182 grad_preclip=19.94
[E29] batch=080/153 pseudo=4 loss=8.5138 seg=0.4170 semseg=0.7767 mard=2.0505 lambda=0.032703 conf=0.8270 rasp_s=0.1182 grad_preclip=122.26
[E29] batch=100/153 pseudo=3 loss=9.0613 seg=1.7908 semseg=1.4506 mard=2.1297 lambda=0.025767 conf=0.7577 rasp_s=0.1182 grad_preclip=42.88
[E29] batch=120/153 pseudo=4 loss=4.0825 seg=0.4481 semseg=0.1782 mard=2.1099 lambda=0.034899 conf=0.8490 rasp_s=0.1182 grad_preclip=21.89
[E29] batch=140/153 pseudo=4 loss=18.8966 seg=1.1824 semseg=2.2475 mard=2.0840 lambda=0.029519 conf=0.7952 rasp_s=0.1182 grad_preclip=168.16
[E29] batch=153/153 pseudo=3 loss=11.6432 seg=0.8315 semseg=0.7022 mard=2.1463 lambda=0.028016 conf=0.7802 rasp_s=0.1182 grad_preclip=51.48

[Epoch 29] DONE time=31.9s valid=152 skipped=1 pseudo=524 conf=0.8175 loss=6.1858 seg=0.5309 mard=2.0763 RASP(status=pruned, s=0.1364, new_packs=2, knee=2/5, saved_macs=0.1328)
[E30] batch=001/153 pseudo=4 loss=3.3279 seg=0.2688 semseg=0.1247 mard=2.0443 lambda=0.034704 conf=0.8470 rasp_s=0.1364 grad_preclip=24.96
[E30] batch=020/153 pseudo=5 loss=11.5090 seg=0.6993 semseg=0.3665 mard=2.0606 lambda=0.025744 conf=0.7574 rasp_s=0.1364 grad_preclip=53.94
[E30] batch=040/153 pseudo=3 loss=3.1212 seg=0.3228 semseg=0.3333 mard=2.0415 lambda=0.041836 conf=0.9184 rasp_s=0.1364 grad_preclip=31.75
[E30] batch=060/153 pseudo=3 loss=4.2550 seg=0.3540 semseg=0.2221 mard=2.0569 lambda=0.034966 conf=0.8497 rasp_s=0.1364 grad_preclip=56.97
[E30] batch=080/153 pseudo=5 loss=14.2076 seg=0.9567 semseg=0.9322 mard=2.0575 lambda=0.026060 conf=0.7606 rasp_s=0.1364 grad_preclip=189.78
[E30] batch=100/153 pseudo=3 loss=14.2313 seg=1.0213 semseg=2.5369 mard=2.0744 lambda=0.020110 conf=0.7011 rasp_s=0.1364 grad_preclip=293.36
[E30] batch=120/153 pseudo=3 loss=13.2477 seg=0.4801 semseg=2.6012 mard=2.0097 lambda=0.029352 conf=0.7935 rasp_s=0.1364 grad_preclip=167.25
[E30] batch=140/153 pseudo=3 loss=9.5287 seg=0.9223 semseg=0.5258 mard=2.1089 lambda=0.021346 conf=0.7135 rasp_s=0.1364 grad_preclip=61.00
[E30] batch=153/153 pseudo=1 loss=6.8834 seg=4.9852 semseg=0.5986 mard=2.1255 lambda=0.023900 conf=0.7390 rasp_s=0.1364 grad_preclip=182.92

[Epoch 30] DONE time=31.8s valid=153 skipped=0 pseudo=540 conf=0.8157 loss=6.5274 seg=0.5426 mard=2.0822 RASP(status=recovery_interval, s=0.1364, new_packs=0, knee=0/0, saved_macs=0.1328)
[SAVE] /home/dang/MedRT-SFOD/runs/seg/rasp_sfseg/cvc_rasp_60ep/checkpoints/yolo26s_rasp_sfseg_latent_epoch_30.pt
[SAVE] /home/dang/MedRT-SFOD/runs/seg/rasp_sfseg/cvc_rasp_60ep/checkpoints/rasp_sfseg_state_epoch_30.pt
[E31] batch=001/153 pseudo=2 loss=1.1944 seg=0.1637 semseg=0.0784 mard=2.1601 lambda=0.043112 conf=0.9311 rasp_s=0.1364 grad_preclip=13.14
[E31] batch=020/153 pseudo=4 loss=13.5142 seg=0.7053 semseg=1.1804 mard=2.1530 lambda=0.032997 conf=0.8300 rasp_s=0.1364 grad_preclip=73.99
[E31] batch=040/153 pseudo=4 loss=7.4990 seg=0.7962 semseg=0.3464 mard=2.1041 lambda=0.029197 conf=0.7920 rasp_s=0.1364 grad_preclip=54.97
[E31] batch=060/153 pseudo=4 loss=4.4162 seg=0.2869 semseg=0.1331 mard=2.1135 lambda=0.040113 conf=0.9011 rasp_s=0.1364 grad_preclip=40.94
[E31] batch=080/153 pseudo=4 loss=9.7857 seg=1.0756 semseg=0.5330 mard=2.0314 lambda=0.037871 conf=0.8787 rasp_s=0.1364 grad_preclip=81.27
[E31] batch=100/153 pseudo=4 loss=6.3983 seg=0.6539 semseg=0.2565 mard=2.0642 lambda=0.034471 conf=0.8447 rasp_s=0.1364 grad_preclip=83.48
[E31] batch=120/153 pseudo=3 loss=4.7105 seg=0.2886 semseg=0.6213 mard=2.0607 lambda=0.031227 conf=0.8123 rasp_s=0.1364 grad_preclip=48.75
[E31] batch=140/153 pseudo=4 loss=5.3145 seg=0.3933 semseg=0.4541 mard=2.0836 lambda=0.035186 conf=0.8519 rasp_s=0.1364 grad_preclip=122.52
[E31] batch=153/153 pseudo=5 loss=4.3437 seg=0.3347 semseg=0.1812 mard=2.0395 lambda=0.025751 conf=0.7575 rasp_s=0.1364 grad_preclip=24.85

[Epoch 31] DONE time=31.5s valid=153 skipped=0 pseudo=530 conf=0.8151 loss=5.8879 seg=0.5015 mard=2.0813 RASP(status=recovery_interval, s=0.1364, new_packs=0, knee=0/0, saved_macs=0.1328)
[E32] batch=001/153 pseudo=3 loss=3.0687 seg=0.2188 semseg=0.1046 mard=2.1284 lambda=0.040322 conf=0.9032 rasp_s=0.1364 grad_preclip=27.73
[E32] batch=020/153 pseudo=3 loss=2.6664 seg=0.2770 semseg=0.1234 mard=2.1775 lambda=0.029564 conf=0.7956 rasp_s=0.1364 grad_preclip=19.12
[E32] batch=040/153 pseudo=5 loss=5.2059 seg=0.3897 semseg=0.2160 mard=2.0790 lambda=0.035192 conf=0.8519 rasp_s=0.1364 grad_preclip=62.28
[E32] batch=060/153 pseudo=5 loss=8.5551 seg=0.3618 semseg=0.1658 mard=2.0967 lambda=0.020313 conf=0.7031 rasp_s=0.1364 grad_preclip=43.30
[E32] batch=080/153 pseudo=4 loss=5.5312 seg=0.4227 semseg=0.2420 mard=2.0512 lambda=0.025443 conf=0.7544 rasp_s=0.1364 grad_preclip=58.04
[E32] batch=100/153 pseudo=3 loss=5.5844 seg=0.4462 semseg=0.4615 mard=2.0360 lambda=0.030414 conf=0.8041 rasp_s=0.1364 grad_preclip=60.28
[E32] batch=120/153 pseudo=1 loss=0.8014 seg=0.1243 semseg=0.0420 mard=2.0812 lambda=0.044617 conf=0.9462 rasp_s=0.1364 grad_preclip=28.58
[E32] batch=140/153 pseudo=3 loss=3.6241 seg=0.2866 semseg=0.1868 mard=2.0396 lambda=0.031026 conf=0.8103 rasp_s=0.1364 grad_preclip=40.66
[E32] batch=153/153 pseudo=2 loss=1.7099 seg=0.3914 semseg=0.1746 mard=2.0669 lambda=0.030999 conf=0.8100 rasp_s=0.1364 grad_preclip=15.58

[Epoch 32] DONE time=32.2s valid=153 skipped=0 pseudo=531 conf=0.8213 loss=5.6975 seg=0.5355 mard=2.0773 RASP(status=pruned, s=0.1455, new_packs=1, knee=1/2, saved_macs=0.1406)
[E33] batch=001/153 pseudo=3 loss=5.3189 seg=0.3508 semseg=0.2511 mard=2.1085 lambda=0.020954 conf=0.7095 rasp_s=0.1455 grad_preclip=43.11
[E33] batch=020/153 pseudo=4 loss=2.9912 seg=0.3273 semseg=0.1240 mard=2.1004 lambda=0.041636 conf=0.9164 rasp_s=0.1455 grad_preclip=22.28
[E33] batch=040/153 pseudo=4 loss=6.8088 seg=0.3465 semseg=0.2415 mard=2.0668 lambda=0.025643 conf=0.7564 rasp_s=0.1455 grad_preclip=56.62
[E33] batch=060/153 pseudo=3 loss=2.6795 seg=0.1909 semseg=0.0685 mard=2.1693 lambda=0.029895 conf=0.7989 rasp_s=0.1455 grad_preclip=22.71
[E33] batch=080/153 pseudo=4 loss=12.6912 seg=1.2118 semseg=0.8228 mard=2.1539 lambda=0.036530 conf=0.8653 rasp_s=0.1455 grad_preclip=327.96
[E33] batch=100/153 pseudo=2 loss=4.4732 seg=0.7363 semseg=0.3235 mard=2.0641 lambda=0.035459 conf=0.8546 rasp_s=0.1455 grad_preclip=33.40
[E33] batch=120/153 pseudo=5 loss=7.5105 seg=0.5831 semseg=0.3265 mard=2.0342 lambda=0.016562 conf=0.6656 rasp_s=0.1455 grad_preclip=81.24
[E33] batch=140/153 pseudo=3 loss=6.5892 seg=0.5216 semseg=0.2075 mard=2.0816 lambda=0.023861 conf=0.7386 rasp_s=0.1455 grad_preclip=136.78
[E33] batch=153/153 pseudo=4 loss=8.6544 seg=0.6357 semseg=0.8069 mard=2.0412 lambda=0.019801 conf=0.6980 rasp_s=0.1455 grad_preclip=115.75

[Epoch 33] DONE time=31.6s valid=152 skipped=1 pseudo=531 conf=0.8142 loss=6.0187 seg=0.5591 mard=2.0806 RASP(status=recovery_interval, s=0.1455, new_packs=0, knee=0/0, saved_macs=0.1406)
[E34] batch=001/153 pseudo=2 loss=4.4734 seg=0.4122 semseg=0.8777 mard=2.1280 lambda=0.034096 conf=0.8410 rasp_s=0.1455 grad_preclip=114.33
[E34] batch=020/153 pseudo=4 loss=6.0609 seg=0.4508 semseg=0.1767 mard=2.1125 lambda=0.031314 conf=0.8131 rasp_s=0.1455 grad_preclip=36.85
[E34] batch=040/153 pseudo=3 loss=2.7410 seg=0.3303 semseg=0.1300 mard=2.1340 lambda=0.026054 conf=0.7605 rasp_s=0.1455 grad_preclip=31.51
[E34] batch=060/153 pseudo=3 loss=2.1899 seg=0.2806 semseg=0.1047 mard=2.0596 lambda=0.042327 conf=0.9233 rasp_s=0.1455 grad_preclip=21.55
[E34] batch=080/153 pseudo=4 loss=8.2646 seg=0.8050 semseg=0.5067 mard=2.1383 lambda=0.014038 conf=0.6404 rasp_s=0.1455 grad_preclip=60.25
[E34] batch=100/153 pseudo=6 loss=9.5440 seg=1.0451 semseg=0.5254 mard=2.0628 lambda=0.033395 conf=0.8340 rasp_s=0.1455 grad_preclip=51.09
[E34] batch=120/153 pseudo=4 loss=4.0243 seg=0.2109 semseg=0.1673 mard=2.1012 lambda=0.036877 conf=0.8688 rasp_s=0.1455 grad_preclip=41.16
[E34] batch=140/153 pseudo=1 loss=4.1208 seg=1.9625 semseg=0.8808 mard=2.0418 lambda=0.025130 conf=0.7513 rasp_s=0.1455 grad_preclip=47.84
[E34] batch=153/153 pseudo=3 loss=4.6629 seg=0.6470 semseg=0.2094 mard=2.1660 lambda=0.043013 conf=0.9301 rasp_s=0.1455 grad_preclip=46.75

[Epoch 34] DONE time=31.6s valid=153 skipped=0 pseudo=537 conf=0.8166 loss=5.7417 seg=0.5326 mard=2.0822 RASP(status=recovery_interval, s=0.1455, new_packs=0, knee=0/0, saved_macs=0.1406)
[E35] batch=001/153 pseudo=4 loss=4.5601 seg=0.3535 semseg=0.1773 mard=2.0513 lambda=0.031681 conf=0.8168 rasp_s=0.1455 grad_preclip=27.51
[E35] batch=020/153 pseudo=4 loss=4.1427 seg=0.3270 semseg=0.1484 mard=2.1029 lambda=0.038049 conf=0.8805 rasp_s=0.1455 grad_preclip=30.98
[E35] batch=040/153 pseudo=4 loss=4.4099 seg=0.4602 semseg=0.1816 mard=2.0750 lambda=0.032199 conf=0.8220 rasp_s=0.1455 grad_preclip=36.12
[E35] batch=060/153 pseudo=4 loss=5.6364 seg=0.4464 semseg=0.1723 mard=2.0222 lambda=0.030360 conf=0.8036 rasp_s=0.1455 grad_preclip=59.05
[E35] batch=080/153 pseudo=4 loss=4.5458 seg=0.2371 semseg=0.1307 mard=2.1487 lambda=0.031310 conf=0.8131 rasp_s=0.1455 grad_preclip=37.27
[E35] batch=100/153 pseudo=3 loss=2.9728 seg=0.2584 semseg=0.1423 mard=2.0655 lambda=0.043081 conf=0.9308 rasp_s=0.1455 grad_preclip=18.85
[E35] batch=120/153 pseudo=3 loss=5.9285 seg=0.5866 semseg=0.3879 mard=2.1071 lambda=0.031820 conf=0.8182 rasp_s=0.1455 grad_preclip=49.47
[E35] batch=140/153 pseudo=3 loss=5.5303 seg=1.0843 semseg=0.1968 mard=2.0543 lambda=0.037559 conf=0.8756 rasp_s=0.1455 grad_preclip=93.80
[E35] batch=153/153 pseudo=4 loss=2.8225 seg=0.2227 semseg=0.0745 mard=2.0944 lambda=0.040827 conf=0.9083 rasp_s=0.1455 grad_preclip=25.49

[Epoch 35] DONE time=32.0s valid=153 skipped=0 pseudo=536 conf=0.8147 loss=5.8391 seg=0.5064 mard=2.0845 RASP(status=no_safe_knee, s=0.1455, new_packs=0, knee=0/1, saved_macs=0.1406)
[E36] batch=001/153 pseudo=3 loss=2.9615 seg=0.2846 semseg=0.1437 mard=2.1712 lambda=0.025072 conf=0.7507 rasp_s=0.1455 grad_preclip=24.39
[E36] batch=020/153 pseudo=1 loss=1.4918 seg=0.3166 semseg=0.2479 mard=2.0634 lambda=0.032329 conf=0.8233 rasp_s=0.1455 grad_preclip=24.46
[E36] batch=040/153 pseudo=4 loss=3.4432 seg=0.3339 semseg=0.1062 mard=2.0520 lambda=0.039568 conf=0.8957 rasp_s=0.1455 grad_preclip=22.01
[E36] batch=060/153 pseudo=4 loss=13.2322 seg=0.6429 semseg=2.0186 mard=2.0434 lambda=0.035132 conf=0.8513 rasp_s=0.1455 grad_preclip=171.77
[E36] batch=080/153 pseudo=2 loss=5.1579 seg=0.7570 semseg=0.5072 mard=2.0189 lambda=0.032416 conf=0.8242 rasp_s=0.1455 grad_preclip=86.75
[E36] batch=100/153 pseudo=3 loss=4.3285 seg=0.3403 semseg=0.2735 mard=2.0415 lambda=0.020349 conf=0.7035 rasp_s=0.1455 grad_preclip=53.03
[E36] batch=120/153 pseudo=4 loss=12.9850 seg=1.6322 semseg=0.4749 mard=2.1054 lambda=0.027881 conf=0.7788 rasp_s=0.1455 grad_preclip=178.39
[E36] batch=140/153 pseudo=4 loss=7.3357 seg=0.3558 semseg=0.7775 mard=2.0678 lambda=0.027695 conf=0.7769 rasp_s=0.1455 grad_preclip=73.76
[E36] batch=153/153 pseudo=4 loss=5.2812 seg=0.3060 semseg=0.1566 mard=2.1132 lambda=0.036850 conf=0.8685 rasp_s=0.1455 grad_preclip=38.27

[Epoch 36] DONE time=32.1s valid=153 skipped=0 pseudo=532 conf=0.8157 loss=5.9916 seg=0.4891 mard=2.0796 RASP(status=no_safe_knee, s=0.1455, new_packs=0, knee=0/1, saved_macs=0.1406)
[E37] batch=001/153 pseudo=4 loss=14.1078 seg=1.0353 semseg=1.0998 mard=2.0425 lambda=0.021414 conf=0.7141 rasp_s=0.1455 grad_preclip=157.92
[E37] batch=020/153 pseudo=2 loss=6.2292 seg=0.8921 semseg=0.7164 mard=2.0590 lambda=0.002773 conf=0.5277 rasp_s=0.1455 grad_preclip=117.38
[E37] batch=040/153 pseudo=3 loss=2.2351 seg=0.2629 semseg=0.1181 mard=2.0693 lambda=0.035724 conf=0.8572 rasp_s=0.1455 grad_preclip=21.99
[E37] batch=060/153 pseudo=3 loss=4.9305 seg=0.9599 semseg=0.2041 mard=2.1818 lambda=0.031104 conf=0.8110 rasp_s=0.1455 grad_preclip=31.87
[E37] batch=080/153 pseudo=5 loss=14.5372 seg=1.8851 semseg=0.3639 mard=2.0668 lambda=0.022533 conf=0.7253 rasp_s=0.1455 grad_preclip=66.54
[E37] batch=100/153 pseudo=5 loss=16.0929 seg=1.6171 semseg=0.5434 mard=2.0312 lambda=0.027671 conf=0.7767 rasp_s=0.1455 grad_preclip=96.22
[E37] batch=140/153 pseudo=3 loss=13.3833 seg=1.7180 semseg=1.4475 mard=2.1018 lambda=0.029295 conf=0.7930 rasp_s=0.1455 grad_preclip=173.92
[E37] batch=153/153 pseudo=3 loss=4.6125 seg=0.2317 semseg=0.2942 mard=2.0548 lambda=0.039930 conf=0.8993 rasp_s=0.1455 grad_preclip=43.78

[Epoch 37] DONE time=31.9s valid=152 skipped=1 pseudo=522 conf=0.8187 loss=5.5137 seg=0.5251 mard=2.0812 RASP(status=no_safe_knee, s=0.1455, new_packs=0, knee=0/1, saved_macs=0.1406)
[E38] batch=001/153 pseudo=4 loss=4.5860 seg=0.3834 semseg=0.1595 mard=2.0717 lambda=0.031635 conf=0.8164 rasp_s=0.1455 grad_preclip=33.11
[E38] batch=020/153 pseudo=4 loss=8.2440 seg=1.0451 semseg=0.3439 mard=2.0513 lambda=0.029920 conf=0.7992 rasp_s=0.1455 grad_preclip=69.50
[E38] batch=040/153 pseudo=2 loss=20.0181 seg=2.4927 semseg=3.3946 mard=2.0949 lambda=0.021288 conf=0.7129 rasp_s=0.1455 grad_preclip=134.15
[E38] batch=060/153 pseudo=4 loss=5.6289 seg=0.2275 semseg=0.0945 mard=2.0767 lambda=0.029525 conf=0.7952 rasp_s=0.1455 grad_preclip=38.35
[E38] batch=080/153 pseudo=3 loss=3.7795 seg=0.3788 semseg=0.2062 mard=2.0388 lambda=0.030378 conf=0.8038 rasp_s=0.1455 grad_preclip=20.69
[E38] batch=100/153 pseudo=4 loss=4.0971 seg=0.3554 semseg=0.1671 mard=2.1325 lambda=0.033873 conf=0.8387 rasp_s=0.1455 grad_preclip=35.03
[E38] batch=120/153 pseudo=3 loss=4.3877 seg=0.5038 semseg=0.2602 mard=2.0630 lambda=0.022996 conf=0.7300 rasp_s=0.1455 grad_preclip=39.66
[E38] batch=140/153 pseudo=4 loss=3.7468 seg=0.3163 semseg=0.1006 mard=2.0984 lambda=0.032414 conf=0.8241 rasp_s=0.1455 grad_preclip=25.76
[E38] batch=153/153 pseudo=3 loss=2.0090 seg=0.2425 semseg=0.0841 mard=2.0696 lambda=0.041077 conf=0.9108 rasp_s=0.1455 grad_preclip=22.58

[Epoch 38] DONE time=32.1s valid=153 skipped=0 pseudo=529 conf=0.8153 loss=5.7820 seg=0.5179 mard=2.0749 RASP(status=no_safe_knee, s=0.1455, new_packs=0, knee=0/1, saved_macs=0.1406)
[E39] batch=001/153 pseudo=4 loss=4.7137 seg=0.3282 semseg=0.2494 mard=2.0927 lambda=0.033205 conf=0.8321 rasp_s=0.1455 grad_preclip=42.48
[E39] batch=020/153 pseudo=5 loss=4.9371 seg=0.2856 semseg=0.1313 mard=2.0527 lambda=0.029884 conf=0.7988 rasp_s=0.1455 grad_preclip=28.10
[E39] batch=040/153 pseudo=3 loss=17.8715 seg=0.9062 semseg=3.2318 mard=2.0621 lambda=0.018716 conf=0.6872 rasp_s=0.1455 grad_preclip=217.74
[E39] batch=060/153 pseudo=3 loss=9.9299 seg=0.3058 semseg=1.5221 mard=2.0294 lambda=0.028045 conf=0.7805 rasp_s=0.1455 grad_preclip=42.12
[E39] batch=080/153 pseudo=4 loss=3.3447 seg=0.2465 semseg=0.1652 mard=2.0733 lambda=0.032844 conf=0.8284 rasp_s=0.1455 grad_preclip=23.92
[E39] batch=100/153 pseudo=2 loss=3.6709 seg=0.7449 semseg=0.2594 mard=2.0778 lambda=0.026299 conf=0.7630 rasp_s=0.1455 grad_preclip=25.38
[E39] batch=120/153 pseudo=4 loss=2.8644 seg=0.2735 semseg=0.0878 mard=2.0517 lambda=0.039082 conf=0.8908 rasp_s=0.1455 grad_preclip=19.74
[E39] batch=140/153 pseudo=4 loss=17.5368 seg=1.5341 semseg=2.0801 mard=2.0492 lambda=0.034314 conf=0.8431 rasp_s=0.1455 grad_preclip=213.26
[E39] batch=153/153 pseudo=2 loss=3.8692 seg=0.8515 semseg=0.2591 mard=2.0694 lambda=0.016175 conf=0.6618 rasp_s=0.1455 grad_preclip=21.53

[Epoch 39] DONE time=32.4s valid=153 skipped=0 pseudo=542 conf=0.8142 loss=5.9382 seg=0.5353 mard=2.0813 RASP(status=no_safe_knee, s=0.1455, new_packs=0, knee=0/1, saved_macs=0.1406)
[E40] batch=001/153 pseudo=4 loss=10.2951 seg=0.3699 semseg=1.1260 mard=2.0849 lambda=0.020745 conf=0.7075 rasp_s=0.1455 grad_preclip=68.42
[E40] batch=020/153 pseudo=4 loss=17.1110 seg=1.3840 semseg=1.5491 mard=2.0628 lambda=0.036310 conf=0.8631 rasp_s=0.1455 grad_preclip=71.05
[E40] batch=040/153 pseudo=4 loss=6.1198 seg=0.3384 semseg=0.2562 mard=2.0631 lambda=0.027630 conf=0.7763 rasp_s=0.1455 grad_preclip=28.13
[E40] batch=060/153 pseudo=3 loss=3.9599 seg=0.6196 semseg=0.2227 mard=2.0722 lambda=0.036841 conf=0.8684 rasp_s=0.1455 grad_preclip=26.13
[E40] batch=080/153 pseudo=3 loss=3.0450 seg=0.3363 semseg=0.1247 mard=2.1467 lambda=0.034189 conf=0.8419 rasp_s=0.1455 grad_preclip=23.34
[E40] batch=100/153 pseudo=5 loss=3.7537 seg=0.3108 semseg=0.1358 mard=2.1565 lambda=0.038084 conf=0.8808 rasp_s=0.1455 grad_preclip=24.49
[E40] batch=120/153 pseudo=1 loss=0.7200 seg=0.1485 semseg=0.0576 mard=2.1702 lambda=0.038257 conf=0.8826 rasp_s=0.1455 grad_preclip=11.04
[E40] batch=140/153 pseudo=4 loss=29.4021 seg=2.5347 semseg=2.3640 mard=2.0608 lambda=0.028338 conf=0.7834 rasp_s=0.1455 grad_preclip=359.90
[E40] batch=153/153 pseudo=4 loss=4.5064 seg=0.4635 semseg=0.1739 mard=2.0376 lambda=0.034856 conf=0.8486 rasp_s=0.1455 grad_preclip=28.60

[Epoch 40] DONE time=32.2s valid=153 skipped=0 pseudo=540 conf=0.8175 loss=5.5357 seg=0.4904 mard=2.0874 RASP(status=no_safe_knee, s=0.1455, new_packs=0, knee=0/1, saved_macs=0.1406)
[SAVE] /home/dang/MedRT-SFOD/runs/seg/rasp_sfseg/cvc_rasp_60ep/checkpoints/yolo26s_rasp_sfseg_latent_epoch_40.pt
[SAVE] /home/dang/MedRT-SFOD/runs/seg/rasp_sfseg/cvc_rasp_60ep/checkpoints/rasp_sfseg_state_epoch_40.pt
[E41] batch=001/153 pseudo=4 loss=2.7573 seg=0.1996 semseg=0.0890 mard=2.0491 lambda=0.038689 conf=0.8869 rasp_s=0.1455 grad_preclip=35.72
[E41] batch=020/153 pseudo=4 loss=6.9984 seg=0.4403 semseg=0.5670 mard=2.0571 lambda=0.022640 conf=0.7264 rasp_s=0.1455 grad_preclip=54.75
[E41] batch=040/153 pseudo=4 loss=17.4753 seg=1.1235 semseg=1.3070 mard=2.0600 lambda=0.026398 conf=0.7640 rasp_s=0.1455 grad_preclip=159.50
[E41] batch=060/153 pseudo=3 loss=2.3264 seg=0.2029 semseg=0.1170 mard=2.0578 lambda=0.041015 conf=0.9102 rasp_s=0.1455 grad_preclip=21.48
[E41] batch=080/153 pseudo=3 loss=4.4362 seg=0.4568 semseg=0.2892 mard=2.0251 lambda=0.026653 conf=0.7665 rasp_s=0.1455 grad_preclip=31.84
[E41] batch=100/153 pseudo=4 loss=4.6088 seg=0.2844 semseg=0.1794 mard=2.0693 lambda=0.029973 conf=0.7997 rasp_s=0.1455 grad_preclip=29.68
[E41] batch=120/153 pseudo=1 loss=1.1708 seg=0.2374 semseg=0.1510 mard=2.0916 lambda=0.041421 conf=0.9142 rasp_s=0.1455 grad_preclip=11.20
[E41] batch=140/153 pseudo=4 loss=3.0226 seg=0.2015 semseg=0.0980 mard=2.0937 lambda=0.031196 conf=0.8120 rasp_s=0.1455 grad_preclip=27.70
[E41] batch=153/153 pseudo=5 loss=16.3541 seg=0.8168 semseg=2.4176 mard=2.0594 lambda=0.028808 conf=0.7881 rasp_s=0.1455 grad_preclip=116.41

[Epoch 41] DONE time=32.1s valid=153 skipped=0 pseudo=538 conf=0.8108 loss=5.6579 seg=0.4798 mard=2.0759 RASP(status=no_safe_knee, s=0.1455, new_packs=0, knee=0/1, saved_macs=0.1406)
[E42] batch=001/153 pseudo=2 loss=7.0066 seg=0.6103 semseg=1.9011 mard=2.0679 lambda=0.027707 conf=0.7771 rasp_s=0.1455 grad_preclip=152.68
[E42] batch=020/153 pseudo=4 loss=3.4318 seg=0.2779 semseg=0.1398 mard=2.1063 lambda=0.030278 conf=0.8028 rasp_s=0.1455 grad_preclip=22.99
[E42] batch=040/153 pseudo=2 loss=6.5799 seg=1.4926 semseg=0.5098 mard=2.1193 lambda=0.035286 conf=0.8529 rasp_s=0.1455 grad_preclip=36.96
[E42] batch=060/153 pseudo=4 loss=3.5793 seg=0.2004 semseg=0.0899 mard=2.0541 lambda=0.032232 conf=0.8223 rasp_s=0.1455 grad_preclip=32.10
[E42] batch=080/153 pseudo=3 loss=2.6023 seg=0.2452 semseg=0.1096 mard=2.0782 lambda=0.031785 conf=0.8179 rasp_s=0.1455 grad_preclip=48.16
[E42] batch=100/153 pseudo=3 loss=2.4785 seg=0.3164 semseg=0.0934 mard=2.1400 lambda=0.038821 conf=0.8882 rasp_s=0.1455 grad_preclip=17.16
[E42] batch=120/153 pseudo=4 loss=8.5457 seg=0.7743 semseg=0.6680 mard=2.0743 lambda=0.031683 conf=0.8168 rasp_s=0.1455 grad_preclip=89.43
[E42] batch=140/153 pseudo=4 loss=4.9252 seg=0.5557 semseg=0.2112 mard=2.0647 lambda=0.035406 conf=0.8541 rasp_s=0.1455 grad_preclip=57.93
[E42] batch=153/153 pseudo=3 loss=5.7758 seg=0.4433 semseg=0.2888 mard=2.1100 lambda=0.022282 conf=0.7228 rasp_s=0.1455 grad_preclip=20.12

[Epoch 42] DONE time=32.1s valid=153 skipped=0 pseudo=533 conf=0.8172 loss=5.6071 seg=0.5202 mard=2.0856 RASP(status=no_safe_knee, s=0.1455, new_packs=0, knee=0/1, saved_macs=0.1406)
[E43] batch=001/153 pseudo=3 loss=2.5902 seg=0.3354 semseg=0.1037 mard=2.1074 lambda=0.039609 conf=0.8961 rasp_s=0.1455 grad_preclip=28.93
[E43] batch=020/153 pseudo=4 loss=7.2710 seg=0.4082 semseg=0.5507 mard=2.0239 lambda=0.023189 conf=0.7319 rasp_s=0.1455 grad_preclip=61.35
[E43] batch=040/153 pseudo=4 loss=2.9610 seg=0.2782 semseg=0.0746 mard=2.0578 lambda=0.030558 conf=0.8056 rasp_s=0.1455 grad_preclip=17.10
[E43] batch=060/153 pseudo=4 loss=12.5973 seg=0.5245 semseg=1.2205 mard=2.0469 lambda=0.024413 conf=0.7441 rasp_s=0.1455 grad_preclip=76.90
[E43] batch=080/153 pseudo=4 loss=4.7706 seg=0.4068 semseg=0.2213 mard=2.0684 lambda=0.034357 conf=0.8436 rasp_s=0.1455 grad_preclip=40.83
[E43] batch=100/153 pseudo=4 loss=5.5699 seg=0.3828 semseg=0.2387 mard=2.0709 lambda=0.024822 conf=0.7482 rasp_s=0.1455 grad_preclip=47.40
[E43] batch=120/153 pseudo=4 loss=8.8170 seg=0.8731 semseg=0.3717 mard=2.0403 lambda=0.029272 conf=0.7927 rasp_s=0.1455 grad_preclip=81.20
[E43] batch=140/153 pseudo=4 loss=3.2276 seg=0.1913 semseg=0.1221 mard=2.0461 lambda=0.034329 conf=0.8433 rasp_s=0.1455 grad_preclip=32.34
[E43] batch=153/153 pseudo=4 loss=4.4565 seg=0.2397 semseg=0.2243 mard=2.0429 lambda=0.032249 conf=0.8225 rasp_s=0.1455 grad_preclip=28.65

[Epoch 43] DONE time=32.3s valid=153 skipped=0 pseudo=541 conf=0.8162 loss=5.5960 seg=0.4728 mard=2.0737 RASP(status=no_safe_knee, s=0.1455, new_packs=0, knee=0/1, saved_macs=0.1406)
[E44] batch=001/153 pseudo=4 loss=3.9276 seg=0.2869 semseg=0.1456 mard=2.0406 lambda=0.029232 conf=0.7923 rasp_s=0.1455 grad_preclip=31.44
[E44] batch=020/153 pseudo=4 loss=2.9806 seg=0.2595 semseg=0.1266 mard=2.0734 lambda=0.035005 conf=0.8501 rasp_s=0.1455 grad_preclip=18.55
[E44] batch=040/153 pseudo=4 loss=16.0284 seg=0.5770 semseg=1.8255 mard=2.0629 lambda=0.031767 conf=0.8177 rasp_s=0.1455 grad_preclip=72.95
[E44] batch=060/153 pseudo=4 loss=3.8694 seg=0.3468 semseg=0.1192 mard=2.1197 lambda=0.036642 conf=0.8664 rasp_s=0.1455 grad_preclip=35.98
[E44] batch=080/153 pseudo=2 loss=3.5106 seg=0.7898 semseg=0.3281 mard=2.0363 lambda=0.034896 conf=0.8490 rasp_s=0.1455 grad_preclip=36.62
[E44] batch=100/153 pseudo=3 loss=3.6738 seg=0.4158 semseg=0.1988 mard=2.0612 lambda=0.039514 conf=0.8951 rasp_s=0.1455 grad_preclip=19.81
[E44] batch=120/153 pseudo=4 loss=4.7609 seg=0.4019 semseg=0.2096 mard=2.0296 lambda=0.038886 conf=0.8889 rasp_s=0.1455 grad_preclip=53.75
[E44] batch=140/153 pseudo=3 loss=2.0349 seg=0.1781 semseg=0.0883 mard=2.0382 lambda=0.032173 conf=0.8217 rasp_s=0.1455 grad_preclip=25.64
[E44] batch=153/153 pseudo=4 loss=4.7378 seg=0.4228 semseg=0.3459 mard=2.0992 lambda=0.037002 conf=0.8700 rasp_s=0.1455 grad_preclip=51.83

[Epoch 44] DONE time=32.3s valid=153 skipped=0 pseudo=529 conf=0.8156 loss=5.5190 seg=0.4615 mard=2.0750 RASP(status=no_safe_knee, s=0.1455, new_packs=0, knee=0/1, saved_macs=0.1406)
[E45] batch=001/153 pseudo=5 loss=11.6288 seg=0.7087 semseg=0.6170 mard=2.1258 lambda=0.014186 conf=0.6419 rasp_s=0.1455 grad_preclip=104.91
[E45] batch=020/153 pseudo=4 loss=5.6802 seg=0.5376 semseg=0.1777 mard=2.0510 lambda=0.021126 conf=0.7113 rasp_s=0.1455 grad_preclip=40.44
[E45] batch=040/153 pseudo=3 loss=5.0392 seg=0.2706 semseg=0.0891 mard=2.0391 lambda=0.031420 conf=0.8142 rasp_s=0.1455 grad_preclip=31.48
[E45] batch=060/153 pseudo=4 loss=3.0805 seg=0.2006 semseg=0.1015 mard=2.0953 lambda=0.036724 conf=0.8672 rasp_s=0.1455 grad_preclip=19.30
[E45] batch=080/153 pseudo=4 loss=3.2904 seg=0.2379 semseg=0.1279 mard=2.1491 lambda=0.036590 conf=0.8659 rasp_s=0.1455 grad_preclip=25.95
[E45] batch=100/153 pseudo=4 loss=17.8314 seg=1.0343 semseg=1.4032 mard=2.0203 lambda=0.022225 conf=0.7223 rasp_s=0.1455 grad_preclip=184.30
[E45] batch=120/153 pseudo=4 loss=1.8897 seg=0.1460 semseg=0.0542 mard=2.0588 lambda=0.042167 conf=0.9217 rasp_s=0.1455 grad_preclip=18.59
[E45] batch=140/153 pseudo=3 loss=3.4444 seg=0.2644 semseg=0.1670 mard=2.0420 lambda=0.025444 conf=0.7544 rasp_s=0.1455 grad_preclip=29.12
[E45] batch=153/153 pseudo=5 loss=4.8692 seg=0.4443 semseg=0.1519 mard=2.0663 lambda=0.025642 conf=0.7564 rasp_s=0.1455 grad_preclip=41.05

[Epoch 45] DONE time=32.2s valid=153 skipped=0 pseudo=541 conf=0.8125 loss=6.1586 seg=0.5201 mard=2.0769 RASP(status=no_safe_knee, s=0.1455, new_packs=0, knee=0/1, saved_macs=0.1406)
[E46] batch=001/153 pseudo=4 loss=5.1495 seg=0.3348 semseg=0.1453 mard=2.0718 lambda=0.016574 conf=0.6657 rasp_s=0.1455 grad_preclip=24.33
[E46] batch=020/153 pseudo=5 loss=6.7253 seg=0.2177 semseg=0.7174 mard=2.0655 lambda=0.029624 conf=0.7962 rasp_s=0.1455 grad_preclip=75.30
[E46] batch=040/153 pseudo=4 loss=6.2169 seg=0.6202 semseg=0.3116 mard=2.0728 lambda=0.028898 conf=0.7890 rasp_s=0.1455 grad_preclip=29.32
[E46] batch=060/153 pseudo=5 loss=5.2149 seg=0.4323 semseg=0.1726 mard=2.0501 lambda=0.035446 conf=0.8545 rasp_s=0.1455 grad_preclip=23.15
[E46] batch=080/153 pseudo=4 loss=14.7635 seg=0.7269 semseg=1.4866 mard=2.0430 lambda=0.034156 conf=0.8416 rasp_s=0.1455 grad_preclip=65.29
[E46] batch=100/153 pseudo=3 loss=5.4391 seg=0.4924 semseg=0.5723 mard=2.0035 lambda=0.028208 conf=0.7821 rasp_s=0.1455 grad_preclip=47.42
[E46] batch=120/153 pseudo=3 loss=3.9305 seg=0.2346 semseg=0.1817 mard=2.0894 lambda=0.029139 conf=0.7914 rasp_s=0.1455 grad_preclip=20.05
[E46] batch=140/153 pseudo=4 loss=4.1584 seg=0.2608 semseg=0.1619 mard=2.0692 lambda=0.031575 conf=0.8158 rasp_s=0.1455 grad_preclip=21.59
[E46] batch=153/153 pseudo=3 loss=3.8599 seg=0.2739 semseg=0.2308 mard=2.0683 lambda=0.035946 conf=0.8595 rasp_s=0.1455 grad_preclip=33.26

[Epoch 46] DONE time=32.1s valid=152 skipped=1 pseudo=532 conf=0.8184 loss=5.9887 seg=0.4695 mard=2.0828 RASP(status=no_safe_knee, s=0.1455, new_packs=0, knee=0/1, saved_macs=0.1406)
[E47] batch=001/153 pseudo=4 loss=7.5766 seg=0.3707 semseg=0.3006 mard=2.0992 lambda=0.014482 conf=0.6448 rasp_s=0.1455 grad_preclip=42.60
[E47] batch=020/153 pseudo=2 loss=2.3788 seg=0.4843 semseg=0.1740 mard=2.0803 lambda=0.040764 conf=0.9076 rasp_s=0.1455 grad_preclip=19.15
[E47] batch=040/153 pseudo=4 loss=3.1162 seg=0.1972 semseg=0.0985 mard=2.0726 lambda=0.037197 conf=0.8720 rasp_s=0.1455 grad_preclip=32.15
[E47] batch=060/153 pseudo=3 loss=2.6112 seg=0.3422 semseg=0.1081 mard=2.0923 lambda=0.039865 conf=0.8987 rasp_s=0.1455 grad_preclip=18.18
[E47] batch=080/153 pseudo=3 loss=3.7578 seg=0.4305 semseg=0.1631 mard=2.0909 lambda=0.036692 conf=0.8669 rasp_s=0.1455 grad_preclip=20.02
[E47] batch=100/153 pseudo=3 loss=5.5028 seg=0.7146 semseg=0.4030 mard=2.0206 lambda=0.032361 conf=0.8236 rasp_s=0.1455 grad_preclip=25.00
[E47] batch=120/153 pseudo=4 loss=4.8753 seg=0.3037 semseg=0.3561 mard=2.0037 lambda=0.039267 conf=0.8927 rasp_s=0.1455 grad_preclip=99.30
[E47] batch=140/153 pseudo=4 loss=3.8772 seg=0.2540 semseg=0.1121 mard=2.0583 lambda=0.033143 conf=0.8314 rasp_s=0.1455 grad_preclip=55.66
[E47] batch=153/153 pseudo=4 loss=4.4332 seg=0.3028 semseg=0.1623 mard=2.0971 lambda=0.034873 conf=0.8487 rasp_s=0.1455 grad_preclip=21.19

[Epoch 47] DONE time=32.2s valid=153 skipped=0 pseudo=533 conf=0.8198 loss=5.5157 seg=0.4586 mard=2.0777 RASP(status=no_safe_knee, s=0.1455, new_packs=0, knee=0/1, saved_macs=0.1406)
[E48] batch=001/153 pseudo=3 loss=4.9100 seg=0.5582 semseg=0.2809 mard=2.0375 lambda=0.028166 conf=0.7817 rasp_s=0.1455 grad_preclip=39.65
[E48] batch=020/153 pseudo=4 loss=2.3742 seg=0.2484 semseg=0.0958 mard=2.0505 lambda=0.042814 conf=0.9281 rasp_s=0.1455 grad_preclip=29.08
[E48] batch=040/153 pseudo=3 loss=2.3189 seg=0.2084 semseg=0.1334 mard=2.0495 lambda=0.035945 conf=0.8595 rasp_s=0.1455 grad_preclip=24.80
[E48] batch=060/153 pseudo=4 loss=2.4638 seg=0.2119 semseg=0.0823 mard=2.1325 lambda=0.037953 conf=0.8795 rasp_s=0.1455 grad_preclip=28.23
[E48] batch=080/153 pseudo=4 loss=7.3355 seg=0.5008 semseg=0.2397 mard=2.0536 lambda=0.024035 conf=0.7403 rasp_s=0.1455 grad_preclip=28.12
[E48] batch=100/153 pseudo=1 loss=0.5672 seg=0.1278 semseg=0.0286 mard=2.1499 lambda=0.044718 conf=0.9472 rasp_s=0.1455 grad_preclip=11.33
[E48] batch=120/153 pseudo=3 loss=3.6189 seg=0.2971 semseg=0.1228 mard=2.1199 lambda=0.031456 conf=0.8146 rasp_s=0.1455 grad_preclip=19.22
[E48] batch=140/153 pseudo=2 loss=4.6157 seg=0.5780 semseg=0.7582 mard=2.0763 lambda=0.028825 conf=0.7882 rasp_s=0.1455 grad_preclip=57.60
[E48] batch=153/153 pseudo=4 loss=2.9473 seg=0.3077 semseg=0.1050 mard=2.0571 lambda=0.043340 conf=0.9334 rasp_s=0.1455 grad_preclip=27.48

[Epoch 48] DONE time=32.1s valid=153 skipped=0 pseudo=533 conf=0.8158 loss=5.8295 seg=0.5193 mard=2.0795 RASP(status=no_safe_knee, s=0.1455, new_packs=0, knee=0/1, saved_macs=0.1406)
[E49] batch=001/153 pseudo=3 loss=3.9247 seg=0.3327 semseg=0.1225 mard=2.0765 lambda=0.032054 conf=0.8205 rasp_s=0.1455 grad_preclip=31.88
[E49] batch=020/153 pseudo=3 loss=13.3250 seg=1.1008 semseg=2.2084 mard=2.0772 lambda=0.021959 conf=0.7196 rasp_s=0.1455 grad_preclip=87.29
[E49] batch=040/153 pseudo=4 loss=3.1271 seg=0.2969 semseg=0.0894 mard=2.0650 lambda=0.037495 conf=0.8749 rasp_s=0.1455 grad_preclip=27.96
[E49] batch=060/153 pseudo=1 loss=1.0892 seg=0.1990 semseg=0.1593 mard=2.1546 lambda=0.030714 conf=0.8071 rasp_s=0.1455 grad_preclip=10.02
[E49] batch=080/153 pseudo=4 loss=7.2222 seg=0.8238 semseg=0.4223 mard=2.0754 lambda=0.034854 conf=0.8485 rasp_s=0.1455 grad_preclip=47.31
[E49] batch=100/153 pseudo=4 loss=5.2333 seg=0.2899 semseg=0.1624 mard=2.0387 lambda=0.029394 conf=0.7939 rasp_s=0.1455 grad_preclip=27.59
[E49] batch=120/153 pseudo=3 loss=2.5412 seg=0.2835 semseg=0.1213 mard=2.0582 lambda=0.034161 conf=0.8416 rasp_s=0.1455 grad_preclip=22.12
[E49] batch=140/153 pseudo=4 loss=10.2838 seg=0.8721 semseg=0.6796 mard=2.0298 lambda=0.019778 conf=0.6978 rasp_s=0.1455 grad_preclip=45.32
[E49] batch=153/153 pseudo=5 loss=5.3952 seg=0.4951 semseg=0.1812 mard=2.0632 lambda=0.034035 conf=0.8403 rasp_s=0.1455 grad_preclip=29.80

[Epoch 49] DONE time=32.2s valid=153 skipped=0 pseudo=544 conf=0.8126 loss=5.9184 seg=0.5253 mard=2.0812 RASP(status=no_safe_knee, s=0.1455, new_packs=0, knee=0/1, saved_macs=0.1406)
[E50] batch=001/153 pseudo=4 loss=12.2868 seg=0.4301 semseg=1.1844 mard=2.0877 lambda=0.013491 conf=0.6349 rasp_s=0.1455 grad_preclip=98.10
[E50] batch=020/153 pseudo=4 loss=6.4306 seg=0.6984 semseg=0.2258 mard=2.0466 lambda=0.035407 conf=0.8541 rasp_s=0.1455 grad_preclip=34.74
[E50] batch=040/153 pseudo=4 loss=10.8162 seg=0.4110 semseg=1.2689 mard=2.0356 lambda=0.031229 conf=0.8123 rasp_s=0.1455 grad_preclip=121.60
[E50] batch=060/153 pseudo=5 loss=5.9362 seg=0.3840 semseg=0.2463 mard=2.0185 lambda=0.029204 conf=0.7920 rasp_s=0.1455 grad_preclip=27.80
[E50] batch=080/153 pseudo=4 loss=5.6542 seg=0.5417 semseg=0.1928 mard=2.0753 lambda=0.039347 conf=0.8935 rasp_s=0.1455 grad_preclip=31.63
[E50] batch=100/153 pseudo=3 loss=3.9948 seg=0.4309 semseg=0.1713 mard=2.1786 lambda=0.043270 conf=0.9327 rasp_s=0.1455 grad_preclip=26.06
[E50] batch=120/153 pseudo=3 loss=3.6480 seg=0.4779 semseg=0.2029 mard=2.0932 lambda=0.033401 conf=0.8340 rasp_s=0.1455 grad_preclip=24.10
[E50] batch=140/153 pseudo=4 loss=5.6594 seg=0.5645 semseg=0.1507 mard=2.0358 lambda=0.025235 conf=0.7524 rasp_s=0.1455 grad_preclip=40.25
[E50] batch=153/153 pseudo=4 loss=3.1876 seg=0.2461 semseg=0.0760 mard=2.0948 lambda=0.032853 conf=0.8285 rasp_s=0.1455 grad_preclip=24.32

[Epoch 50] DONE time=32.1s valid=153 skipped=0 pseudo=524 conf=0.8162 loss=5.7161 seg=0.5185 mard=2.0730 RASP(status=no_safe_knee, s=0.1455, new_packs=0, knee=0/1, saved_macs=0.1406)
[SAVE] /home/dang/MedRT-SFOD/runs/seg/rasp_sfseg/cvc_rasp_60ep/checkpoints/yolo26s_rasp_sfseg_latent_epoch_50.pt
[SAVE] /home/dang/MedRT-SFOD/runs/seg/rasp_sfseg/cvc_rasp_60ep/checkpoints/rasp_sfseg_state_epoch_50.pt
[E51] batch=001/153 pseudo=3 loss=1.8036 seg=0.2478 semseg=0.0828 mard=2.0687 lambda=0.042744 conf=0.9274 rasp_s=0.1455 grad_preclip=17.58
[E51] batch=020/153 pseudo=3 loss=7.5189 seg=0.3082 semseg=1.1127 mard=2.1253 lambda=0.022270 conf=0.7227 rasp_s=0.1455 grad_preclip=36.77
[E51] batch=040/153 pseudo=4 loss=3.3288 seg=0.2466 semseg=0.1270 mard=2.1487 lambda=0.043484 conf=0.9348 rasp_s=0.1455 grad_preclip=23.73
[E51] batch=060/153 pseudo=3 loss=3.6064 seg=0.2971 semseg=0.1629 mard=2.0346 lambda=0.018489 conf=0.6849 rasp_s=0.1455 grad_preclip=18.41
[E51] batch=080/153 pseudo=3 loss=5.5781 seg=0.5157 semseg=0.2125 mard=2.0683 lambda=0.028128 conf=0.7813 rasp_s=0.1455 grad_preclip=34.79
[E51] batch=100/153 pseudo=3 loss=3.3123 seg=0.3459 semseg=0.1180 mard=2.0293 lambda=0.035001 conf=0.8500 rasp_s=0.1455 grad_preclip=26.80
[E51] batch=120/153 pseudo=4 loss=15.8056 seg=0.4644 semseg=3.9728 mard=2.1511 lambda=0.030295 conf=0.8030 rasp_s=0.1455 grad_preclip=51.59
[E51] batch=140/153 pseudo=4 loss=8.1745 seg=0.4698 semseg=0.3828 mard=2.0427 lambda=0.021241 conf=0.7124 rasp_s=0.1455 grad_preclip=44.87
[E51] batch=153/153 pseudo=4 loss=3.4767 seg=0.3466 semseg=0.1162 mard=2.1418 lambda=0.041188 conf=0.9119 rasp_s=0.1455 grad_preclip=60.88

[Epoch 51] DONE time=32.2s valid=153 skipped=0 pseudo=536 conf=0.8157 loss=5.4820 seg=0.4795 mard=2.0809 RASP(status=no_safe_knee, s=0.1455, new_packs=0, knee=0/1, saved_macs=0.1406)
[E52] batch=001/153 pseudo=4 loss=5.0999 seg=0.2183 semseg=0.1482 mard=2.0578 lambda=0.024686 conf=0.7469 rasp_s=0.1455 grad_preclip=27.85
[E52] batch=020/153 pseudo=3 loss=4.5439 seg=0.3482 semseg=0.1732 mard=2.0556 lambda=0.040485 conf=0.9048 rasp_s=0.1455 grad_preclip=29.30
[E52] batch=040/153 pseudo=3 loss=4.3793 seg=0.5398 semseg=0.4561 mard=2.0610 lambda=0.030968 conf=0.8097 rasp_s=0.1455 grad_preclip=29.83
[E52] batch=060/153 pseudo=2 loss=1.5622 seg=0.2117 semseg=0.0940 mard=2.1008 lambda=0.041576 conf=0.9158 rasp_s=0.1455 grad_preclip=38.75
[E52] batch=080/153 pseudo=5 loss=5.9951 seg=0.4466 semseg=0.2367 mard=2.0578 lambda=0.031425 conf=0.8142 rasp_s=0.1455 grad_preclip=41.19
[E52] batch=100/153 pseudo=3 loss=2.8542 seg=0.3320 semseg=0.1508 mard=2.0652 lambda=0.032483 conf=0.8248 rasp_s=0.1455 grad_preclip=26.52
[E52] batch=120/153 pseudo=2 loss=8.9804 seg=1.0150 semseg=2.5047 mard=2.0201 lambda=0.017567 conf=0.6757 rasp_s=0.1455 grad_preclip=113.22
[E52] batch=140/153 pseudo=3 loss=4.0294 seg=0.3242 semseg=0.4928 mard=2.0463 lambda=0.031929 conf=0.8193 rasp_s=0.1455 grad_preclip=82.27
[E52] batch=153/153 pseudo=4 loss=10.2538 seg=0.9757 semseg=0.5813 mard=2.1195 lambda=0.036438 conf=0.8644 rasp_s=0.1455 grad_preclip=44.35

[Epoch 52] DONE time=32.1s valid=153 skipped=0 pseudo=529 conf=0.8137 loss=5.8233 seg=0.5050 mard=2.0787 RASP(status=no_safe_knee, s=0.1455, new_packs=0, knee=0/1, saved_macs=0.1406)
[E53] batch=001/153 pseudo=3 loss=6.7150 seg=1.0657 semseg=0.3636 mard=2.0761 lambda=0.028619 conf=0.7862 rasp_s=0.1455 grad_preclip=33.49
[E53] batch=020/153 pseudo=3 loss=3.2807 seg=0.4472 semseg=0.1608 mard=2.1425 lambda=0.029831 conf=0.7983 rasp_s=0.1455 grad_preclip=41.95
[E53] batch=040/153 pseudo=4 loss=2.3365 seg=0.1743 semseg=0.0732 mard=2.0680 lambda=0.026162 conf=0.7616 rasp_s=0.1455 grad_preclip=22.09
[E53] batch=060/153 pseudo=4 loss=7.6074 seg=0.3595 semseg=0.5954 mard=2.1407 lambda=0.021855 conf=0.7186 rasp_s=0.1455 grad_preclip=68.27
[E53] batch=080/153 pseudo=4 loss=6.3571 seg=0.4154 semseg=0.1879 mard=2.0860 lambda=0.034999 conf=0.8500 rasp_s=0.1455 grad_preclip=31.05
[E53] batch=100/153 pseudo=4 loss=3.5800 seg=0.5414 semseg=0.1733 mard=2.0819 lambda=0.027430 conf=0.7743 rasp_s=0.1455 grad_preclip=23.27
[E53] batch=120/153 pseudo=4 loss=4.2733 seg=0.2657 semseg=0.2489 mard=2.0516 lambda=0.041731 conf=0.9173 rasp_s=0.1455 grad_preclip=73.29
[E53] batch=140/153 pseudo=2 loss=1.6909 seg=0.3072 semseg=0.0953 mard=2.0766 lambda=0.039172 conf=0.8917 rasp_s=0.1455 grad_preclip=14.38
[E53] batch=153/153 pseudo=5 loss=21.6434 seg=0.8421 semseg=3.2410 mard=2.0673 lambda=0.031989 conf=0.8199 rasp_s=0.1455 grad_preclip=62.51

[Epoch 53] DONE time=32.2s valid=153 skipped=0 pseudo=543 conf=0.8135 loss=5.6648 seg=0.4981 mard=2.0772 RASP(status=no_safe_knee, s=0.1455, new_packs=0, knee=0/1, saved_macs=0.1406)
[E54] batch=001/153 pseudo=4 loss=7.3827 seg=0.7193 semseg=0.4444 mard=2.0380 lambda=0.029779 conf=0.7978 rasp_s=0.1455 grad_preclip=47.78
[E54] batch=020/153 pseudo=3 loss=2.8604 seg=0.2665 semseg=0.1691 mard=2.0655 lambda=0.031246 conf=0.8125 rasp_s=0.1455 grad_preclip=20.04
[E54] batch=040/153 pseudo=3 loss=3.7680 seg=0.4677 semseg=0.3901 mard=2.0582 lambda=0.028701 conf=0.7870 rasp_s=0.1455 grad_preclip=24.40
[E54] batch=060/153 pseudo=4 loss=3.1144 seg=0.2775 semseg=0.1019 mard=2.0695 lambda=0.041933 conf=0.9193 rasp_s=0.1455 grad_preclip=26.66
[E54] batch=080/153 pseudo=4 loss=9.9519 seg=0.5578 semseg=0.8826 mard=2.0214 lambda=0.029708 conf=0.7971 rasp_s=0.1455 grad_preclip=84.60
[E54] batch=100/153 pseudo=4 loss=2.2289 seg=0.1610 semseg=0.0709 mard=2.1060 lambda=0.038482 conf=0.8848 rasp_s=0.1455 grad_preclip=37.84
[E54] batch=120/153 pseudo=4 loss=8.6489 seg=0.7961 semseg=0.3932 mard=2.0808 lambda=0.028992 conf=0.7899 rasp_s=0.1455 grad_preclip=48.52
[E54] batch=140/153 pseudo=4 loss=3.4141 seg=0.3785 semseg=0.1349 mard=2.1633 lambda=0.036312 conf=0.8631 rasp_s=0.1455 grad_preclip=26.47
[E54] batch=153/153 pseudo=3 loss=1.7428 seg=0.2029 semseg=0.0722 mard=2.0701 lambda=0.031575 conf=0.8158 rasp_s=0.1455 grad_preclip=36.46

[Epoch 54] DONE time=32.2s valid=153 skipped=0 pseudo=539 conf=0.8128 loss=5.8706 seg=0.5324 mard=2.0815 RASP(status=no_safe_knee, s=0.1455, new_packs=0, knee=0/1, saved_macs=0.1406)
[E55] batch=001/153 pseudo=2 loss=3.1023 seg=0.5476 semseg=0.2967 mard=2.1515 lambda=0.006325 conf=0.5632 rasp_s=0.1455 grad_preclip=20.43
[E55] batch=020/153 pseudo=3 loss=4.8314 seg=0.2881 semseg=0.2566 mard=2.0829 lambda=0.020267 conf=0.7027 rasp_s=0.1455 grad_preclip=32.62
[E55] batch=040/153 pseudo=4 loss=6.7216 seg=0.3918 semseg=0.2153 mard=2.0972 lambda=0.028662 conf=0.7866 rasp_s=0.1455 grad_preclip=26.64
[E55] batch=060/153 pseudo=2 loss=2.6924 seg=0.3758 semseg=0.2324 mard=2.0524 lambda=0.022696 conf=0.7270 rasp_s=0.1455 grad_preclip=90.61
[E55] batch=080/153 pseudo=3 loss=3.0546 seg=0.4437 semseg=0.1586 mard=2.0539 lambda=0.037864 conf=0.8786 rasp_s=0.1455 grad_preclip=25.57
[E55] batch=100/153 pseudo=3 loss=3.1130 seg=0.2037 semseg=0.1249 mard=2.0504 lambda=0.036358 conf=0.8636 rasp_s=0.1455 grad_preclip=129.16
[E55] batch=120/153 pseudo=3 loss=5.1081 seg=0.5114 semseg=0.2499 mard=2.1386 lambda=0.019411 conf=0.6941 rasp_s=0.1455 grad_preclip=33.09
[E55] batch=140/153 pseudo=3 loss=16.3929 seg=1.0022 semseg=2.0003 mard=2.0026 lambda=0.020969 conf=0.7097 rasp_s=0.1455 grad_preclip=72.90
[E55] batch=153/153 pseudo=4 loss=5.9541 seg=0.5673 semseg=0.1881 mard=2.0472 lambda=0.026694 conf=0.7669 rasp_s=0.1455 grad_preclip=37.60

[Epoch 55] DONE time=32.1s valid=153 skipped=0 pseudo=536 conf=0.8197 loss=5.3336 seg=0.4682 mard=2.0794 RASP(status=no_safe_knee, s=0.1455, new_packs=0, knee=0/1, saved_macs=0.1406)
[E56] batch=001/153 pseudo=4 loss=5.0064 seg=0.3763 semseg=0.1733 mard=2.0578 lambda=0.027794 conf=0.7779 rasp_s=0.1455 grad_preclip=31.37
[E56] batch=020/153 pseudo=4 loss=5.9783 seg=0.4572 semseg=0.2383 mard=2.0795 lambda=0.027376 conf=0.7738 rasp_s=0.1455 grad_preclip=27.58
[E56] batch=040/153 pseudo=4 loss=3.0153 seg=0.2302 semseg=0.1173 mard=2.1067 lambda=0.025982 conf=0.7598 rasp_s=0.1455 grad_preclip=38.42
[E56] batch=060/153 pseudo=4 loss=11.0448 seg=0.4177 semseg=1.0250 mard=2.0596 lambda=0.022781 conf=0.7278 rasp_s=0.1455 grad_preclip=66.59
[E56] batch=080/153 pseudo=1 loss=1.1739 seg=0.4027 semseg=0.2155 mard=2.2250 lambda=0.032027 conf=0.8203 rasp_s=0.1455 grad_preclip=41.15
[E56] batch=100/153 pseudo=4 loss=4.4946 seg=0.4842 semseg=0.2396 mard=2.0943 lambda=0.039186 conf=0.8919 rasp_s=0.1455 grad_preclip=28.02
[E56] batch=120/153 pseudo=4 loss=3.0683 seg=0.2277 semseg=0.1251 mard=2.0448 lambda=0.034845 conf=0.8484 rasp_s=0.1455 grad_preclip=23.41
[E56] batch=140/153 pseudo=4 loss=5.9474 seg=0.5085 semseg=0.3896 mard=2.0402 lambda=0.036145 conf=0.8615 rasp_s=0.1455 grad_preclip=33.13
[E56] batch=153/153 pseudo=4 loss=5.8065 seg=0.3538 semseg=0.1648 mard=2.0999 lambda=0.031589 conf=0.8159 rasp_s=0.1455 grad_preclip=40.90

[Epoch 56] DONE time=32.3s valid=153 skipped=0 pseudo=536 conf=0.8184 loss=5.4065 seg=0.4798 mard=2.0832 RASP(status=no_safe_knee, s=0.1455, new_packs=0, knee=0/1, saved_macs=0.1406)
[E57] batch=001/153 pseudo=3 loss=3.5498 seg=0.3032 semseg=0.1021 mard=2.0878 lambda=0.025445 conf=0.7544 rasp_s=0.1455 grad_preclip=26.18
[E57] batch=020/153 pseudo=4 loss=3.0628 seg=0.2683 semseg=0.1087 mard=2.0539 lambda=0.040870 conf=0.9087 rasp_s=0.1455 grad_preclip=23.73
[E57] batch=040/153 pseudo=4 loss=6.0848 seg=0.4759 semseg=0.1968 mard=2.0373 lambda=0.019012 conf=0.6901 rasp_s=0.1455 grad_preclip=27.47
[E57] batch=060/153 pseudo=5 loss=22.5141 seg=2.1346 semseg=2.2508 mard=2.0305 lambda=0.028744 conf=0.7874 rasp_s=0.1455 grad_preclip=106.32
[E57] batch=080/153 pseudo=5 loss=11.5087 seg=0.4748 semseg=0.2272 mard=2.0752 lambda=0.028695 conf=0.7870 rasp_s=0.1455 grad_preclip=59.50
[E57] batch=100/153 pseudo=4 loss=5.4661 seg=0.4606 semseg=0.2157 mard=2.0884 lambda=0.032476 conf=0.8248 rasp_s=0.1455 grad_preclip=22.93
[E57] batch=120/153 pseudo=3 loss=3.0650 seg=0.2754 semseg=0.1580 mard=2.0408 lambda=0.037521 conf=0.8752 rasp_s=0.1455 grad_preclip=26.58
[E57] batch=140/153 pseudo=2 loss=1.3169 seg=0.2455 semseg=0.0962 mard=2.0859 lambda=0.039549 conf=0.8955 rasp_s=0.1455 grad_preclip=13.69
[E57] batch=153/153 pseudo=5 loss=6.0667 seg=0.3679 semseg=0.1817 mard=2.0667 lambda=0.020726 conf=0.7073 rasp_s=0.1455 grad_preclip=30.01

[Epoch 57] DONE time=32.5s valid=153 skipped=0 pseudo=537 conf=0.8181 loss=5.4237 seg=0.5036 mard=2.0782 RASP(status=no_safe_knee, s=0.1455, new_packs=0, knee=0/1, saved_macs=0.1406)
[E58] batch=001/153 pseudo=3 loss=2.9734 seg=0.2406 semseg=0.2252 mard=2.0765 lambda=0.026546 conf=0.7655 rasp_s=0.1455 grad_preclip=27.11
[E58] batch=020/153 pseudo=3 loss=3.0945 seg=0.2862 semseg=0.1439 mard=2.1083 lambda=0.020220 conf=0.7022 rasp_s=0.1455 grad_preclip=24.35
[E58] batch=040/153 pseudo=3 loss=3.0014 seg=0.3537 semseg=0.1066 mard=2.0710 lambda=0.021442 conf=0.7144 rasp_s=0.1455 grad_preclip=23.04
[E58] batch=060/153 pseudo=3 loss=2.8369 seg=0.2563 semseg=0.1422 mard=2.1304 lambda=0.027805 conf=0.7780 rasp_s=0.1455 grad_preclip=22.22
[E58] batch=080/153 pseudo=4 loss=6.0143 seg=0.5486 semseg=0.1891 mard=2.0694 lambda=0.033050 conf=0.8305 rasp_s=0.1455 grad_preclip=29.12
[E58] batch=100/153 pseudo=4 loss=3.0248 seg=0.2279 semseg=0.0916 mard=2.0968 lambda=0.044077 conf=0.9408 rasp_s=0.1455 grad_preclip=54.35
[E58] batch=120/153 pseudo=4 loss=2.9268 seg=0.3256 semseg=0.1291 mard=2.0343 lambda=0.037303 conf=0.8730 rasp_s=0.1455 grad_preclip=19.76
[E58] batch=140/153 pseudo=3 loss=5.5666 seg=0.3894 semseg=0.2121 mard=2.1041 lambda=0.031130 conf=0.8113 rasp_s=0.1455 grad_preclip=75.71
[E58] batch=153/153 pseudo=2 loss=1.4474 seg=0.2130 semseg=0.0891 mard=2.1113 lambda=0.043146 conf=0.9315 rasp_s=0.1455 grad_preclip=15.72

[Epoch 58] DONE time=32.1s valid=153 skipped=0 pseudo=534 conf=0.8192 loss=5.2350 seg=0.4709 mard=2.0752 RASP(status=no_safe_knee, s=0.1455, new_packs=0, knee=0/1, saved_macs=0.1406)
[E59] batch=001/153 pseudo=2 loss=20.5931 seg=7.5272 semseg=0.6267 mard=2.0380 lambda=0.017301 conf=0.6730 rasp_s=0.1455 grad_preclip=92.89
[E59] batch=020/153 pseudo=2 loss=1.7366 seg=0.1906 semseg=0.0418 mard=2.1172 lambda=0.045830 conf=0.9583 rasp_s=0.1455 grad_preclip=59.48
[E59] batch=040/153 pseudo=4 loss=5.0283 seg=0.2516 semseg=0.3839 mard=2.0422 lambda=0.036202 conf=0.8620 rasp_s=0.1455 grad_preclip=87.03
[E59] batch=060/153 pseudo=4 loss=3.9021 seg=0.3436 semseg=0.1414 mard=2.0593 lambda=0.033011 conf=0.8301 rasp_s=0.1455 grad_preclip=29.28
[E59] batch=080/153 pseudo=4 loss=4.3951 seg=0.2807 semseg=0.1321 mard=2.0535 lambda=0.039979 conf=0.8998 rasp_s=0.1455 grad_preclip=52.85
[E59] batch=100/153 pseudo=3 loss=4.3718 seg=0.1889 semseg=0.3265 mard=2.0493 lambda=0.032036 conf=0.8204 rasp_s=0.1455 grad_preclip=26.69
[E59] batch=120/153 pseudo=3 loss=1.8617 seg=0.1362 semseg=0.0595 mard=2.0960 lambda=0.035036 conf=0.8504 rasp_s=0.1455 grad_preclip=33.40
[E59] batch=140/153 pseudo=4 loss=20.8499 seg=0.6348 semseg=3.1472 mard=2.0176 lambda=0.019660 conf=0.6966 rasp_s=0.1455 grad_preclip=62.57
[E59] batch=153/153 pseudo=3 loss=4.1698 seg=0.5959 semseg=0.2908 mard=2.0586 lambda=0.031866 conf=0.8187 rasp_s=0.1455 grad_preclip=33.67

[Epoch 59] DONE time=32.1s valid=153 skipped=0 pseudo=529 conf=0.8158 loss=5.5254 seg=0.5091 mard=2.0788 RASP(status=no_safe_knee, s=0.1455, new_packs=0, knee=0/1, saved_macs=0.1406)
[E60] batch=001/153 pseudo=4 loss=6.9008 seg=0.9147 semseg=0.2209 mard=2.0654 lambda=0.030291 conf=0.8029 rasp_s=0.1455 grad_preclip=21.63
[E60] batch=020/153 pseudo=3 loss=9.9629 seg=0.5584 semseg=1.0242 mard=2.1225 lambda=0.032915 conf=0.8292 rasp_s=0.1455 grad_preclip=123.23
[E60] batch=040/153 pseudo=4 loss=15.0922 seg=0.8487 semseg=3.3155 mard=2.1050 lambda=0.027048 conf=0.7705 rasp_s=0.1455 grad_preclip=41.41
[E60] batch=060/153 pseudo=2 loss=1.1625 seg=0.1326 semseg=0.0571 mard=2.0612 lambda=0.037383 conf=0.8738 rasp_s=0.1455 grad_preclip=16.61
[E60] batch=080/153 pseudo=4 loss=5.6648 seg=0.3952 semseg=0.1914 mard=2.1159 lambda=0.033221 conf=0.8322 rasp_s=0.1455 grad_preclip=37.98
[E60] batch=100/153 pseudo=4 loss=5.8809 seg=0.4072 semseg=0.4539 mard=2.1460 lambda=0.028990 conf=0.7899 rasp_s=0.1455 grad_preclip=33.49
[E60] batch=120/153 pseudo=2 loss=3.9376 seg=1.0758 semseg=0.3478 mard=2.1009 lambda=0.019476 conf=0.6948 rasp_s=0.1455 grad_preclip=16.17
[E60] batch=140/153 pseudo=1 loss=0.8269 seg=0.1702 semseg=0.1487 mard=2.0762 lambda=0.040527 conf=0.9053 rasp_s=0.1455 grad_preclip=13.91
[E60] batch=153/153 pseudo=4 loss=3.8721 seg=0.4541 semseg=0.2080 mard=2.0533 lambda=0.015845 conf=0.6584 rasp_s=0.1455 grad_preclip=23.48

[Epoch 60] DONE time=32.1s valid=153 skipped=0 pseudo=527 conf=0.8220 loss=5.2672 seg=0.4576 mard=2.0861 RASP(status=no_safe_knee, s=0.1455, new_packs=0, knee=0/1, saved_macs=0.1406)
[SAVE] /home/dang/MedRT-SFOD/runs/seg/rasp_sfseg/cvc_rasp_60ep/checkpoints/yolo26s_rasp_sfseg_latent_epoch_60.pt
[SAVE] /home/dang/MedRT-SFOD/runs/seg/rasp_sfseg/cvc_rasp_60ep/checkpoints/rasp_sfseg_state_epoch_60.pt

==============================================================================
[PASS] RASP-SFSEG RUN COMPLETED
==============================================================================
