nohup: ignoring input
========================================================================
PHYSICAL COMPACTION VERIFICATION
========================================================================
verification_device=cpu
verification_imgsz=256
verification_tol=0.0002

masked-vs-compact CPU full max_abs_diff=3.43322754e-05
masked-vs-compact CPU postprocess max_abs_diff=3.05175781e-05
masked-vs-compact CPU raw max_abs_diff=3.43322754e-05

[PASS] Physical compaction numerical equivalence

========================================================================
RASP PHYSICAL COMPACT EXPORT
========================================================================
dense_params   = 11.434M
compact_params = 11.296M
parameter_reduction = 1.21%
dense_MACs@256 = 3.154G
compact_MACs@256 = 3.112G
MAC_reduction = 1.35%

saved compact model: /home/dang/MedRT-SFOD/runs/seg/rasp_sfseg/cvc_rasp_60ep/yolo26s_rasp_sfseg_compact.pt
saved report: /home/dang/MedRT-SFOD/runs/seg/rasp_sfseg/cvc_rasp_60ep/yolo26s_rasp_sfseg_compact.pt.report.json
